Input #0, mov,mp4,m4a,3gp,3g2,mj2, from '/Users/fangs/workspace/side/wbw/videos/promo-2026-10-01/final.mp4':
  Metadata:
    major_brand     : isom
    minor_version   : 512
    compatible_brands: isomiso2avc1mp41
    encoder         : Lavf62.12.101
  Duration: 00:00:31.00, start: 0.000000, bitrate: 985 kb/s
  Stream #0:0[0x1](und): Video: h264 (High) (avc1 / 0x31637661), yuv420p(tv, bt470bg/unknown/unknown, progressive), 1920x1080 [SAR 1:1 DAR 16:9], 819 kb/s, 25 fps, 25 tbr, 12800 tbn (default)
    Metadata:
      handler_name    : VideoHandler
      encoder         : Lavc62.28.101 libx264
  Stream #0:1[0x2](und): Audio: aac (LC) (mp4a / 0x6134706D), 48000 Hz, stereo, fltp, 158 kb/s (default)
    Metadata:
      handler_name    : SoundHandler
Stream mapping:
  Stream #0:1 -> #0:0 (aac (native) -> pcm_s16le (native))
Press [q] to stop, [?] for help
[Parsed_ebur128_1 @ 0x1241198a0] t: 0.0999792  TARGET:-23 LUFS    M:-120.7 S:-120.7     I: -70.0 LUFS       LRA:   0.0 LU  FTPK:  -inf  -inf dBFS  TPK:  -inf  -inf dBFS
Output #0, null, to 'pipe:':
  Metadata:
    major_brand     : isom
    minor_version   : 512
    compatible_brands: isomiso2avc1mp41
    encoder         : Lavf62.12.101
  Stream #0:0(und): Audio: pcm_s16le, 48000 Hz, stereo, s16, 1536 kb/s (default)
    Metadata:
      encoder         : Lavc62.28.101 pcm_s16le
      handler_name    : SoundHandler
[Parsed_ebur128_1 @ 0x1241198a0] t: 0.199979   TARGET:-23 LUFS    M:-120.7 S:-120.7     I: -70.0 LUFS       LRA:   0.0 LU  FTPK: -88.4 -92.9 dBFS  TPK: -88.4 -92.9 dBFS
[Parsed_ebur128_1 @ 0x1241198a0] t: 0.299979   TARGET:-23 LUFS    M:-120.7 S:-120.7     I: -70.0 LUFS       LRA:   0.0 LU  FTPK: -23.8 -28.8 dBFS  TPK: -23.8 -28.8 dBFS
[Parsed_ebur128_1 @ 0x1241198a0] t: 0.399979   TARGET:-23 LUFS    M: -29.3 S:-120.7     I: -29.3 LUFS       LRA:   0.0 LU  FTPK: -19.1 -24.1 dBFS  TPK: -19.1 -24.1 dBFS
[Parsed_ebur128_1 @ 0x1241198a0] t: 0.499979   TARGET:-23 LUFS    M: -25.8 S:-120.7     I: -27.2 LUFS       LRA:   0.0 LU  FTPK: -18.8 -23.9 dBFS  TPK: -18.8 -23.9 dBFS
[Parsed_ebur128_1 @ 0x1241198a0] t: 0.599979   TARGET:-23 LUFS    M: -24.2 S:-120.7     I: -26.0 LUFS       LRA:   0.0 LU  FTPK: -19.3 -24.9 dBFS  TPK: -18.8 -23.9 dBFS
[Parsed_ebur128_1 @ 0x1241198a0] t: 0.699979   TARGET:-23 LUFS    M: -23.4 S:-120.7     I: -25.2 LUFS       LRA:   0.0 LU  FTPK: -19.9 -25.4 dBFS  TPK: -18.8 -23.9 dBFS
[Parsed_ebur128_1 @ 0x1241198a0] t: 0.799979   TARGET:-23 LUFS    M: -23.5 S:-120.7     I: -24.8 LUFS       LRA:   0.0 LU  FTPK: -20.8 -26.6 dBFS  TPK: -18.8 -23.9 dBFS
[Parsed_ebur128_1 @ 0x1241198a0] t: 0.899979   TARGET:-23 LUFS    M: -24.3 S:-120.7     I: -24.7 LUFS       LRA:   0.0 LU  FTPK: -21.3 -27.2 dBFS  TPK: -18.8 -23.9 dBFS
[Parsed_ebur128_1 @ 0x1241198a0] t: 0.999979   TARGET:-23 LUFS    M: -25.0 S:-120.7     I: -24.7 LUFS       LRA:   0.0 LU  FTPK: -21.8 -27.7 dBFS  TPK: -18.8 -23.9 dBFS
[Parsed_ebur128_1 @ 0x1241198a0] t: 1.099979   TARGET:-23 LUFS    M: -25.6 S:-120.7     I: -24.8 LUFS       LRA:   0.0 LU  FTPK: -22.4 -28.3 dBFS  TPK: -18.8 -23.9 dBFS
[Parsed_ebur128_1 @ 0x1241198a0] t: 1.199979   TARGET:-23 LUFS    M: -25.2 S:-120.7     I: -24.9 LUFS       LRA:   0.0 LU  FTPK: -20.2 -19.2 dBFS  TPK: -18.8 -19.2 dBFS
[Parsed_ebur128_1 @ 0x1241198a0] t: 1.299979   TARGET:-23 LUFS    M: -24.5 S:-120.7     I: -24.8 LUFS       LRA:   0.0 LU  FTPK: -20.2 -19.2 dBFS  TPK: -18.8 -19.2 dBFS
[Parsed_ebur128_1 @ 0x1241198a0] t: 1.399979   TARGET:-23 LUFS    M: -23.9 S:-120.7     I: -24.7 LUFS       LRA:   0.0 LU  FTPK: -20.0 -19.3 dBFS  TPK: -18.8 -19.2 dBFS
[Parsed_ebur128_1 @ 0x1241198a0] t: 1.499979   TARGET:-23 LUFS    M: -23.3 S:-120.7     I: -24.6 LUFS       LRA:   0.0 LU  FTPK: -20.3 -19.5 dBFS  TPK: -18.8 -19.2 dBFS
[Parsed_ebur128_1 @ 0x1241198a0] t: 1.599979   TARGET:-23 LUFS    M: -23.3 S:-120.7     I: -24.5 LUFS       LRA:   0.0 LU  FTPK: -21.0 -20.0 dBFS  TPK: -18.8 -19.2 dBFS
[Parsed_ebur128_1 @ 0x1241198a0] t: 1.699979   TARGET:-23 LUFS    M: -23.6 S:-120.7     I: -24.4 LUFS       LRA:   0.0 LU  FTPK: -21.9 -20.6 dBFS  TPK: -18.8 -19.2 dBFS
[Parsed_ebur128_1 @ 0x1241198a0] t: 1.799979   TARGET:-23 LUFS    M: -24.1 S:-120.7     I: -24.4 LUFS       LRA:   0.0 LU  FTPK: -22.6 -21.1 dBFS  TPK: -18.8 -19.2 dBFS
[Parsed_ebur128_1 @ 0x1241198a0] t: 1.899979   TARGET:-23 LUFS    M: -24.6 S:-120.7     I: -24.4 LUFS       LRA:   0.0 LU  FTPK: -23.1 -21.7 dBFS  TPK: -18.8 -19.2 dBFS
[Parsed_ebur128_1 @ 0x1241198a0] t: 1.999979   TARGET:-23 LUFS    M: -25.2 S:-120.7     I: -24.4 LUFS       LRA:   0.0 LU  FTPK: -23.4 -22.2 dBFS  TPK: -18.8 -19.2 dBFS
[Parsed_ebur128_1 @ 0x1241198a0] t: 2.099979   TARGET:-23 LUFS    M: -25.7 S:-120.7     I: -24.5 LUFS       LRA:   0.0 LU  FTPK: -24.1 -22.8 dBFS  TPK: -18.8 -19.2 dBFS
[Parsed_ebur128_1 @ 0x1241198a0] t: 2.199979   TARGET:-23 LUFS    M: -26.3 S:-120.7     I: -24.6 LUFS       LRA:   0.0 LU  FTPK: -24.7 -23.2 dBFS  TPK: -18.8 -19.2 dBFS
[Parsed_ebur128_1 @ 0x1241198a0] t: 2.299979   TARGET:-23 LUFS    M: -26.8 S:-120.7     I: -24.7 LUFS       LRA:   0.0 LU  FTPK: -24.9 -23.8 dBFS  TPK: -18.8 -19.2 dBFS
[Parsed_ebur128_1 @ 0x1241198a0] t: 2.399979   TARGET:-23 LUFS    M: -26.5 S:-120.7     I: -24.7 LUFS       LRA:   0.0 LU  FTPK: -18.9 -20.8 dBFS  TPK: -18.8 -19.2 dBFS
[Parsed_ebur128_1 @ 0x1241198a0] t: 2.499979   TARGET:-23 LUFS    M: -25.8 S:-120.7     I: -24.8 LUFS       LRA:   0.0 LU  FTPK: -19.1 -20.9 dBFS  TPK: -18.8 -19.2 dBFS
[Parsed_ebur128_1 @ 0x1241198a0] t: 2.599979   TARGET:-23 LUFS    M: -25.3 S:-120.7     I: -24.8 LUFS       LRA:   0.0 LU  FTPK: -19.6 -21.2 dBFS  TPK: -18.8 -19.2 dBFS
[Parsed_ebur128_1 @ 0x1241198a0] t: 2.699979   TARGET:-23 LUFS    M: -24.8 S:-120.7     I: -24.8 LUFS       LRA:   0.0 LU  FTPK: -19.9 -21.7 dBFS  TPK: -18.8 -19.2 dBFS
[Parsed_ebur128_1 @ 0x1241198a0] t: 2.799979   TARGET:-23 LUFS    M: -25.0 S:-120.7     I: -24.8 LUFS       LRA:   0.0 LU  FTPK: -20.6 -22.1 dBFS  TPK: -18.8 -19.2 dBFS
[Parsed_ebur128_1 @ 0x1241198a0] t: 2.899979   TARGET:-23 LUFS    M: -25.4 S:-120.7     I: -24.8 LUFS       LRA:   0.0 LU  FTPK: -20.7 -22.4 dBFS  TPK: -18.8 -19.2 dBFS
[Parsed_ebur128_1 @ 0x1241198a0] t: 2.999979   TARGET:-23 LUFS    M: -25.9 S: -25.1     I: -24.9 LUFS       LRA:  20.0 LU  FTPK: -21.3 -22.8 dBFS  TPK: -18.8 -19.2 dBFS
[Parsed_ebur128_1 @ 0x1241198a0] t: 3.099979   TARGET:-23 LUFS    M: -26.3 S: -25.1     I: -24.9 LUFS       LRA:  20.0 LU  FTPK: -21.8 -23.5 dBFS  TPK: -18.8 -19.2 dBFS
[Parsed_ebur128_1 @ 0x1241198a0] t: 3.199979   TARGET:-23 LUFS    M: -26.8 S: -25.0     I: -25.0 LUFS       LRA:  20.1 LU  FTPK: -22.6 -24.1 dBFS  TPK: -18.8 -19.2 dBFS
[Parsed_ebur128_1 @ 0x1241198a0] t: 3.299979   TARGET:-23 LUFS    M: -27.3 S: -24.9     I: -25.0 LUFS       LRA:  20.1 LU  FTPK: -22.8 -24.5 dBFS  TPK: -18.8 -19.2 dBFS
[Parsed_ebur128_1 @ 0x1241198a0] t: 3.399979   TARGET:-23 LUFS    M: -27.9 S: -25.1     I: -25.1 LUFS       LRA:   0.2 LU  FTPK: -23.7 -25.2 dBFS  TPK: -18.8 -19.2 dBFS
[Parsed_ebur128_1 @ 0x1241198a0] t: 3.499979   TARGET:-23 LUFS    M: -28.5 S: -25.3     I: -25.2 LUFS       LRA:   0.3 LU  FTPK: -23.9 -25.6 dBFS  TPK: -18.8 -19.2 dBFS
[Parsed_ebur128_1 @ 0x1241198a0] t: 3.599979   TARGET:-23 LUFS    M: -29.0 S: -25.5     I: -25.3 LUFS       LRA:   0.5 LU  FTPK: -24.7 -26.4 dBFS  TPK: -18.8 -19.2 dBFS
[Parsed_ebur128_1 @ 0x1241198a0] t: 3.699979   TARGET:-23 LUFS    M: -29.5 S: -25.6     I: -25.3 LUFS       LRA:   0.7 LU  FTPK: -24.9 -26.6 dBFS  TPK: -18.8 -19.2 dBFS
[Parsed_ebur128_1 @ 0x1241198a0] t: 3.799979   TARGET:-23 LUFS    M: -30.0 S: -25.8     I: -25.4 LUFS       LRA:   0.8 LU  FTPK: -25.8 -27.5 dBFS  TPK: -18.8 -19.2 dBFS
[Parsed_ebur128_1 @ 0x1241198a0] t: 3.899979   TARGET:-23 LUFS    M: -30.8 S: -25.9     I: -25.5 LUFS       LRA:   0.9 LU  FTPK: -26.4 -28.7 dBFS  TPK: -18.8 -19.2 dBFS
[Parsed_ebur128_1 @ 0x1241198a0] t: 3.999979   TARGET:-23 LUFS    M: -31.6 S: -26.0     I: -25.6 LUFS       LRA:   1.0 LU  FTPK: -28.1 -33.1 dBFS  TPK: -18.8 -19.2 dBFS
[Parsed_ebur128_1 @ 0x1241198a0] t: 4.099979   TARGET:-23 LUFS    M: -32.4 S: -26.1     I: -25.7 LUFS       LRA:   1.1 LU  FTPK: -28.6 -33.4 dBFS  TPK: -18.8 -19.2 dBFS
[Parsed_ebur128_1 @ 0x1241198a0] t: 4.199979   TARGET:-23 LUFS    M: -30.2 S: -26.2     I: -25.8 LUFS       LRA:   1.3 LU  FTPK: -22.9 -21.1 dBFS  TPK: -18.8 -19.2 dBFS
[Parsed_ebur128_1 @ 0x1241198a0] t: 4.299979   TARGET:-23 LUFS    M: -28.0 S: -26.3     I: -25.8 LUFS       LRA:   1.4 LU  FTPK: -22.8 -21.0 dBFS  TPK: -18.8 -19.2 dBFS
[Parsed_ebur128_1 @ 0x1241198a0] t: 4.399979   TARGET:-23 LUFS    M: -26.8 S: -26.5     I: -25.8 LUFS       LRA:   1.4 LU  FTPK: -23.9 -21.9 dBFS  TPK: -18.8 -19.2 dBFS
[Parsed_ebur128_1 @ 0x1241198a0] t: 4.499979   TARGET:-23 LUFS    M: -25.9 S: -26.7     I: -25.8 LUFS       LRA:   1.5 LU  FTPK: -23.7 -22.0 dBFS  TPK: -18.8 -19.2 dBFS
[Parsed_ebur128_1 @ 0x1241198a0] t: 4.599979   TARGET:-23 LUFS    M: -26.1 S: -26.8     I: -25.8 LUFS       LRA:   1.7 LU  FTPK: -25.2 -23.1 dBFS  TPK: -18.8 -19.2 dBFS
[Parsed_ebur128_1 @ 0x1241198a0] t: 4.699979   TARGET:-23 LUFS    M: -26.8 S: -27.0     I: -25.9 LUFS       LRA:   1.8 LU  FTPK: -25.4 -23.4 dBFS  TPK: -18.8 -19.2 dBFS
[Parsed_ebur128_1 @ 0x1241198a0] t: 4.799979   TARGET:-23 LUFS    M: -27.4 S: -27.1     I: -25.9 LUFS       LRA:   2.0 LU  FTPK: -27.1 -24.3 dBFS  TPK: -18.8 -19.2 dBFS
[Parsed_ebur128_1 @ 0x1241198a0] t: 4.899979   TARGET:-23 LUFS    M: -28.1 S: -27.2     I: -25.9 LUFS       LRA:   2.1 LU  FTPK: -27.5 -24.8 dBFS  TPK: -18.8 -19.2 dBFS
[Parsed_ebur128_1 @ 0x1241198a0] t: 4.999979   TARGET:-23 LUFS    M: -28.6 S: -27.3     I: -26.0 LUFS       LRA:   2.2 LU  FTPK: -28.4 -25.5 dBFS  TPK: -18.8 -19.2 dBFS
[Parsed_ebur128_1 @ 0x1241198a0] t: 5.099979   TARGET:-23 LUFS    M: -29.2 S: -27.4     I: -26.0 LUFS       LRA:   2.3 LU  FTPK: -28.7 -25.9 dBFS  TPK: -18.8 -19.2 dBFS
[Parsed_ebur128_1 @ 0x1241198a0] t: 5.199979   TARGET:-23 LUFS    M: -29.7 S: -27.5     I: -26.1 LUFS       LRA:   2.4 LU  FTPK: -29.3 -26.5 dBFS  TPK: -18.8 -19.2 dBFS
[Parsed_ebur128_1 @ 0x1241198a0] t: 5.299979   TARGET:-23 LUFS    M: -30.3 S: -27.6     I: -26.1 LUFS       LRA:   2.5 LU  FTPK: -29.8 -27.1 dBFS  TPK: -18.8 -19.2 dBFS
[Parsed_ebur128_1 @ 0x1241198a0] t: 5.399979   TARGET:-23 LUFS    M: -30.8 S: -27.8     I: -26.2 LUFS       LRA:   2.5 LU  FTPK: -30.4 -27.7 dBFS  TPK: -18.8 -19.2 dBFS
[Parsed_ebur128_1 @ 0x1241198a0] t: 5.499979   TARGET:-23 LUFS    M: -31.4 S: -28.0     I: -26.2 LUFS       LRA:   2.6 LU  FTPK: -31.0 -28.1 dBFS  TPK: -18.8 -19.2 dBFS
[Parsed_ebur128_1 @ 0x1241198a0] t: 5.599979   TARGET:-23 LUFS    M: -31.9 S: -28.3     I: -26.3 LUFS       LRA:   2.8 LU  FTPK: -31.3 -28.7 dBFS  TPK: -18.8 -19.2 dBFS
[Parsed_ebur128_1 @ 0x1241198a0] t: 5.699979   TARGET:-23 LUFS    M: -32.4 S: -28.6     I: -26.4 LUFS       LRA:   3.1 LU  FTPK: -32.0 -29.2 dBFS  TPK: -18.8 -19.2 dBFS
[Parsed_ebur128_1 @ 0x1241198a0] t: 5.799979   TARGET:-23 LUFS    M: -33.0 S: -28.8     I: -26.4 LUFS       LRA:   3.3 LU  FTPK: -33.4 -30.2 dBFS  TPK: -18.8 -19.2 dBFS
[Parsed_ebur128_1 @ 0x1241198a0] t: 5.899979   TARGET:-23 LUFS    M: -33.7 S: -29.0     I: -26.5 LUFS       LRA:   3.6 LU  FTPK: -36.5 -31.5 dBFS  TPK: -18.8 -19.2 dBFS
[Parsed_ebur128_1 @ 0x1241198a0] t: 5.999979   TARGET:-23 LUFS    M: -34.4 S: -29.3     I: -26.5 LUFS       LRA:   3.8 LU  FTPK: -37.2 -32.2 dBFS  TPK: -18.8 -19.2 dBFS
[Parsed_ebur128_1 @ 0x1241198a0] t: 6.099979   TARGET:-23 LUFS    M: -35.1 S: -29.5     I: -26.6 LUFS       LRA:   4.0 LU  FTPK: -38.1 -32.9 dBFS  TPK: -18.8 -19.2 dBFS
[Parsed_ebur128_1 @ 0x1241198a0] t: 6.199979   TARGET:-23 LUFS    M: -35.7 S: -29.7     I: -26.7 LUFS       LRA:   4.2 LU  FTPK: -38.7 -33.5 dBFS  TPK: -18.8 -19.2 dBFS
[Parsed_ebur128_1 @ 0x1241198a0] t: 6.299979   TARGET:-23 LUFS    M: -36.2 S: -29.9     I: -26.7 LUFS       LRA:   4.4 LU  FTPK: -39.5 -34.1 dBFS  TPK: -18.8 -19.2 dBFS
[Parsed_ebur128_1 @ 0x1241198a0] t: 6.399979   TARGET:-23 LUFS    M: -30.0 S: -29.6     I: -26.8 LUFS       LRA:   4.4 LU  FTPK: -20.1 -23.7 dBFS  TPK: -18.8 -19.2 dBFS
[Parsed_ebur128_1 @ 0x1241198a0] t: 6.499979   TARGET:-23 LUFS    M: -26.8 S: -29.2     I: -26.8 LUFS       LRA:   4.4 LU  FTPK: -20.1 -23.7 dBFS  TPK: -18.8 -19.2 dBFS
[Parsed_ebur128_1 @ 0x1241198a0] t: 6.599979   TARGET:-23 LUFS    M: -25.0 S: -28.8     I: -26.7 LUFS       LRA:   4.4 LU  FTPK: -20.4 -24.0 dBFS  TPK: -18.8 -19.2 dBFS
[Parsed_ebur128_1 @ 0x1241198a0] t: 6.699979   TARGET:-23 LUFS    M: -23.8 S: -28.4     I: -26.7 LUFS       LRA:   4.4 LU  FTPK: -20.6 -24.1 dBFS  TPK: -18.8 -19.2 dBFS
[Parsed_ebur128_1 @ 0x1241198a0] t: 6.799979   TARGET:-23 LUFS    M: -23.7 S: -28.1     I: -26.6 LUFS       LRA:   4.4 LU  FTPK: -21.1 -24.7 dBFS  TPK: -18.8 -19.2 dBFS
[Parsed_ebur128_1 @ 0x1241198a0] t: 6.899979   TARGET:-23 LUFS    M: -24.2 S: -27.9     I: -26.6 LUFS       LRA:   4.4 LU  FTPK: -21.9 -25.6 dBFS  TPK: -18.8 -19.2 dBFS
[Parsed_ebur128_1 @ 0x1241198a0] t: 6.999979   TARGET:-23 LUFS    M: -24.7 S: -27.7     I: -26.5 LUFS       LRA:   4.4 LU  FTPK: -22.4 -26.2 dBFS  TPK: -18.8 -19.2 dBFS
[Parsed_ebur128_1 @ 0x1241198a0] t: 7.099979   TARGET:-23 LUFS    M: -25.4 S: -27.6     I: -26.5 LUFS       LRA:   4.4 LU  FTPK: -23.0 -27.1 dBFS  TPK: -18.8 -19.2 dBFS
[Parsed_ebur128_1 @ 0x1241198a0] t: 7.199979   TARGET:-23 LUFS    M: -25.9 S: -27.6     I: -26.5 LUFS       LRA:   4.4 LU  FTPK: -23.4 -27.8 dBFS  TPK: -18.8 -19.2 dBFS
[Parsed_ebur128_1 @ 0x1241198a0] t: 7.299979   TARGET:-23 LUFS    M: -26.5 S: -27.7     I: -26.5 LUFS       LRA:   4.4 LU  FTPK: -24.0 -28.5 dBFS  TPK: -18.8 -19.2 dBFS
[Parsed_ebur128_1 @ 0x1241198a0] t: 7.399979   TARGET:-23 LUFS    M: -27.0 S: -27.8     I: -26.5 LUFS       LRA:   4.2 LU  FTPK: -24.7 -29.3 dBFS  TPK: -18.8 -19.2 dBFS
[Parsed_ebur128_1 @ 0x1241198a0] t: 7.499979   TARGET:-23 LUFS    M: -27.5 S: -27.8     I: -26.5 LUFS       LRA:   4.2 LU  FTPK: -25.2 -29.8 dBFS  TPK: -18.8 -19.2 dBFS
[Parsed_ebur128_1 @ 0x1241198a0] t: 7.599979   TARGET:-23 LUFS    M: -28.1 S: -27.9     I: -26.5 LUFS       LRA:   4.2 LU  FTPK: -25.7 -30.2 dBFS  TPK: -18.8 -19.2 dBFS
[Parsed_ebur128_1 @ 0x1241198a0] t: 7.699979   TARGET:-23 LUFS    M: -28.6 S: -27.9     I: -26.6 LUFS       LRA:   4.2 LU  FTPK: -26.2 -30.7 dBFS  TPK: -18.8 -19.2 dBFS
[Parsed_ebur128_1 @ 0x1241198a0] t: 7.799979   TARGET:-23 LUFS    M: -29.2 S: -28.0     I: -26.6 LUFS       LRA:   4.2 LU  FTPK: -26.8 -31.3 dBFS  TPK: -18.8 -19.2 dBFS
[Parsed_ebur128_1 @ 0x1241198a0] t: 7.899979   TARGET:-23 LUFS    M: -29.7 S: -28.0     I: -26.6 LUFS       LRA:   4.2 LU  FTPK: -27.3 -31.9 dBFS  TPK: -18.8 -19.2 dBFS
[Parsed_ebur128_1 @ 0x1241198a0] t: 7.999979   TARGET:-23 LUFS    M: -30.3 S: -28.0     I: -26.6 LUFS       LRA:   4.2 LU  FTPK: -27.8 -32.4 dBFS  TPK: -18.8 -19.2 dBFS
[Parsed_ebur128_1 @ 0x1241198a0] t: 8.099979   TARGET:-23 LUFS    M: -30.8 S: -28.1     I: -26.7 LUFS       LRA:   4.2 LU  FTPK: -28.4 -32.9 dBFS  TPK: -18.8 -19.2 dBFS
[Parsed_ebur128_1 @ 0x1241198a0] t: 8.199979   TARGET:-23 LUFS    M: -31.4 S: -28.1     I: -26.7 LUFS       LRA:   4.2 LU  FTPK: -28.9 -33.5 dBFS  TPK: -18.8 -19.2 dBFS
[Parsed_ebur128_1 @ 0x1241198a0] t: 8.299979   TARGET:-23 LUFS    M: -31.9 S: -28.1     I: -26.8 LUFS       LRA:   4.2 LU  FTPK: -29.5 -34.0 dBFS  TPK: -18.8 -19.2 dBFS
[Parsed_ebur128_1 @ 0x1241198a0] t: 8.399979   TARGET:-23 LUFS    M: -29.1 S: -27.9     I: -26.8 LUFS       LRA:   4.1 LU  FTPK: -22.6 -20.0 dBFS  TPK: -18.8 -19.2 dBFS
[Parsed_ebur128_1 @ 0x1241198a0] t: 8.499979   TARGET:-23 LUFS    M: -26.8 S: -27.6     I: -26.8 LUFS       LRA:   4.1 LU  FTPK: -22.6 -20.0 dBFS  TPK: -18.8 -19.2 dBFS
[Parsed_ebur128_1 @ 0x1241198a0] t: 8.599979   TARGET:-23 LUFS    M: -25.5 S: -27.4     I: -26.8 LUFS       LRA:   4.1 LU  FTPK: -23.1 -20.6 dBFS  TPK: -18.8 -19.2 dBFS
[Parsed_ebur128_1 @ 0x1241198a0] t: 8.699979   TARGET:-23 LUFS    M: -24.7 S: -27.2     I: -26.7 LUFS       LRA:   4.1 LU  FTPK: -23.7 -21.2 dBFS  TPK: -18.8 -19.2 dBFS
[Parsed_ebur128_1 @ 0x1241198a0] t: 8.799979   TARGET:-23 LUFS    M: -24.9 S: -27.0     I: -26.7 LUFS       LRA:   4.1 LU  FTPK: -24.2 -21.7 dBFS  TPK: -18.8 -19.2 dBFS
[Parsed_ebur128_1 @ 0x1241198a0] t: 8.899979   TARGET:-23 LUFS    M: -25.7 S: -26.9     I: -26.7 LUFS       LRA:   4.1 LU  FTPK: -25.4 -22.7 dBFS  TPK: -18.8 -19.2 dBFS
[Parsed_ebur128_1 @ 0x1241198a0] t: 8.999979   TARGET:-23 LUFS    M: -26.5 S: -26.8     I: -26.7 LUFS       LRA:   4.1 LU  FTPK: -26.0 -23.3 dBFS  TPK: -18.8 -19.2 dBFS
[Parsed_ebur128_1 @ 0x1241198a0] t: 9.099979   TARGET:-23 LUFS    M: -27.2 S: -26.7     I: -26.7 LUFS       LRA:   4.1 LU  FTPK: -26.6 -23.8 dBFS  TPK: -18.8 -19.2 dBFS
[Parsed_ebur128_1 @ 0x1241198a0] t: 9.199979   TARGET:-23 LUFS    M: -27.8 S: -26.6     I: -26.7 LUFS       LRA:   4.1 LU  FTPK: -27.3 -24.4 dBFS  TPK: -18.8 -19.2 dBFS
[Parsed_ebur128_1 @ 0x1241198a0] t: 9.299979   TARGET:-23 LUFS    M: -28.4 S: -26.6     I: -26.7 LUFS       LRA:   4.1 LU  FTPK: -28.0 -25.0 dBFS  TPK: -18.8 -19.2 dBFS
[Parsed_ebur128_1 @ 0x1241198a0] t: 9.399979   TARGET:-23 LUFS    M: -28.9 S: -26.7     I: -26.7 LUFS       LRA:   4.0 LU  FTPK: -28.6 -25.6 dBFS  TPK: -18.8 -19.2 dBFS
[Parsed_ebur128_1 @ 0x1241198a0] t: 9.499979   TARGET:-23 LUFS    M: -29.5 S: -27.0     I: -26.8 LUFS       LRA:   4.0 LU  FTPK: -29.2 -26.2 dBFS  TPK: -18.8 -19.2 dBFS
[Parsed_ebur128_1 @ 0x1241198a0] t: 9.599979   TARGET:-23 LUFS    M: -30.0 S: -27.3     I: -26.8 LUFS       LRA:   4.0 LU  FTPK: -29.7 -26.9 dBFS  TPK: -18.8 -19.2 dBFS
[Parsed_ebur128_1 @ 0x1241198a0] t: 9.699979   TARGET:-23 LUFS    M: -30.5 S: -27.5     I: -26.8 LUFS       LRA:   4.0 LU  FTPK: -30.1 -27.4 dBFS  TPK: -18.8 -19.2 dBFS
[Parsed_ebur128_1 @ 0x1241198a0] t: 9.799979   TARGET:-23 LUFS    M: -31.1 S: -27.8     I: -26.8 LUFS       LRA:   4.0 LU  FTPK: -30.8 -27.9 dBFS  TPK: -18.8 -19.2 dBFS
[Parsed_ebur128_1 @ 0x1241198a0] t: 9.899979   TARGET:-23 LUFS    M: -31.6 S: -28.0     I: -26.9 LUFS       LRA:   4.0 LU  FTPK: -31.4 -28.5 dBFS  TPK: -18.8 -19.2 dBFS
[Parsed_ebur128_1 @ 0x1241198a0] t: 9.999979   TARGET:-23 LUFS    M: -32.1 S: -28.2     I: -26.9 LUFS       LRA:   3.9 LU  FTPK: -31.9 -29.1 dBFS  TPK: -18.8 -19.2 dBFS
[Parsed_ebur128_1 @ 0x1241198a0] t: 10.099979  TARGET:-23 LUFS    M: -32.7 S: -28.4     I: -26.9 LUFS       LRA:   3.9 LU  FTPK: -32.2 -29.4 dBFS  TPK: -18.8 -19.2 dBFS
[Parsed_ebur128_1 @ 0x1241198a0] t: 10.199979  TARGET:-23 LUFS    M: -33.2 S: -28.6     I: -27.0 LUFS       LRA:   3.9 LU  FTPK: -32.6 -29.9 dBFS  TPK: -18.8 -19.2 dBFS
[Parsed_ebur128_1 @ 0x1241198a0] t: 10.299979  TARGET:-23 LUFS    M: -31.6 S: -28.6     I: -27.0 LUFS       LRA:   3.9 LU  FTPK: -23.0 -25.2 dBFS  TPK: -18.8 -19.2 dBFS
[Parsed_ebur128_1 @ 0x1241198a0] t: 10.399979  TARGET:-23 LUFS    M: -29.8 S: -28.6     I: -27.0 LUFS       LRA:   3.7 LU  FTPK: -22.7 -24.8 dBFS  TPK: -18.8 -19.2 dBFS
[Parsed_ebur128_1 @ 0x1241198a0] t: 10.499979  TARGET:-23 LUFS    M: -28.9 S: -28.6     I: -27.0 LUFS       LRA:   3.7 LU  FTPK: -23.7 -25.9 dBFS  TPK: -18.8 -19.2 dBFS
[Parsed_ebur128_1 @ 0x1241198a0] t: 10.599979  TARGET:-23 LUFS    M: -28.1 S: -28.6     I: -27.0 LUFS       LRA:   3.7 LU  FTPK: -24.4 -26.5 dBFS  TPK: -18.8 -19.2 dBFS
[Parsed_ebur128_1 @ 0x1241198a0] t: 10.699979  TARGET:-23 LUFS    M: -28.4 S: -28.6     I: -27.1 LUFS       LRA:   3.7 LU  FTPK: -25.2 -27.0 dBFS  TPK: -18.8 -19.2 dBFS
[Parsed_ebur128_1 @ 0x1241198a0] t: 10.799979  TARGET:-23 LUFS    M: -29.0 S: -28.6     I: -27.1 LUFS       LRA:   3.7 LU  FTPK: -25.5 -27.2 dBFS  TPK: -18.8 -19.2 dBFS
[Parsed_ebur128_1 @ 0x1241198a0] t: 10.899979  TARGET:-23 LUFS    M: -29.5 S: -28.6     I: -27.1 LUFS       LRA:   3.7 LU  FTPK: -26.3 -28.0 dBFS  TPK: -18.8 -19.2 dBFS
[Parsed_ebur128_1 @ 0x1241198a0] t: 10.999979  TARGET:-23 LUFS    M: -30.0 S: -28.6     I: -27.1 LUFS       LRA:   3.7 LU  FTPK: -26.7 -28.6 dBFS  TPK: -18.8 -19.2 dBFS
[Parsed_ebur128_1 @ 0x1241198a0] t: 11.099979  TARGET:-23 LUFS    M: -30.4 S: -28.6     I: -27.1 LUFS       LRA:   3.7 LU  FTPK: -27.3 -29.1 dBFS  TPK: -18.8 -19.2 dBFS
[Parsed_ebur128_1 @ 0x1241198a0] t: 11.199979  TARGET:-23 LUFS    M: -31.0 S: -28.5     I: -27.2 LUFS       LRA:   3.7 LU  FTPK: -27.9 -29.7 dBFS  TPK: -18.8 -19.2 dBFS
[Parsed_ebur128_1 @ 0x1241198a0] t: 11.299979  TARGET:-23 LUFS    M: -31.5 S: -28.5     I: -27.2 LUFS       LRA:   3.7 LU  FTPK: -28.4 -30.1 dBFS  TPK: -18.8 -19.2 dBFS
[Parsed_ebur128_1 @ 0x1241198a0] t: 11.399979  TARGET:-23 LUFS    M: -32.1 S: -28.8     I: -27.2 LUFS       LRA:   3.7 LU  FTPK: -29.0 -30.7 dBFS  TPK: -18.8 -19.2 dBFS
[Parsed_ebur128_1 @ 0x1241198a0] t: 11.499979  TARGET:-23 LUFS    M: -32.6 S: -29.2     I: -27.2 LUFS       LRA:   3.7 LU  FTPK: -29.5 -31.3 dBFS  TPK: -18.8 -19.2 dBFS
[Parsed_ebur128_1 @ 0x1241198a0] t: 11.599979  TARGET:-23 LUFS    M: -33.2 S: -29.6     I: -27.3 LUFS       LRA:   3.9 LU  FTPK: -30.0 -31.8 dBFS  TPK: -18.8 -19.2 dBFS
[Parsed_ebur128_1 @ 0x1241198a0] t: 11.699979  TARGET:-23 LUFS    M: -33.7 S: -30.0     I: -27.3 LUFS       LRA:   4.0 LU  FTPK: -30.6 -32.4 dBFS  TPK: -18.8 -19.2 dBFS
[Parsed_ebur128_1 @ 0x1241198a0] t: 11.799979  TARGET:-23 LUFS    M: -34.3 S: -30.3     I: -27.3 LUFS       LRA:   4.1 LU  FTPK: -31.1 -32.8 dBFS  TPK: -18.8 -19.2 dBFS
[Parsed_ebur128_1 @ 0x1241198a0] t: 11.899979  TARGET:-23 LUFS    M: -34.9 S: -30.6     I: -27.4 LUFS       LRA:   4.1 LU  FTPK: -32.0 -34.4 dBFS  TPK: -18.8 -19.2 dBFS
[Parsed_ebur128_1 @ 0x1241198a0] t: 11.999979  TARGET:-23 LUFS    M: -35.6 S: -30.8     I: -27.4 LUFS       LRA:   4.2 LU  FTPK: -33.2 -37.6 dBFS  TPK: -18.8 -19.2 dBFS
[Parsed_ebur128_1 @ 0x1241198a0] t: 12.099979  TARGET:-23 LUFS    M: -36.4 S: -31.1     I: -27.4 LUFS       LRA:   4.3 LU  FTPK: -33.9 -38.2 dBFS  TPK: -18.8 -19.2 dBFS
[Parsed_ebur128_1 @ 0x1241198a0] t: 12.199979  TARGET:-23 LUFS    M: -37.1 S: -31.3     I: -27.4 LUFS       LRA:   4.4 LU  FTPK: -34.4 -39.0 dBFS  TPK: -18.8 -19.2 dBFS
[Parsed_ebur128_1 @ 0x1241198a0] t: 12.299979  TARGET:-23 LUFS    M: -37.7 S: -31.5     I: -27.4 LUFS       LRA:   4.4 LU  FTPK: -35.1 -39.7 dBFS  TPK: -18.8 -19.2 dBFS
[Parsed_ebur128_1 @ 0x1241198a0] t: 12.399979  TARGET:-23 LUFS    M: -38.2 S: -31.7     I: -27.4 LUFS       LRA:   4.4 LU  FTPK: -35.9 -40.6 dBFS  TPK: -18.8 -19.2 dBFS
[Parsed_ebur128_1 @ 0x1241198a0] t: 12.499979  TARGET:-23 LUFS    M: -33.2 S: -31.6     I: -27.5 LUFS       LRA:   4.6 LU  FTPK: -26.7 -23.5 dBFS  TPK: -18.8 -19.2 dBFS
[Parsed_ebur128_1 @ 0x1241198a0] t: 12.599979  TARGET:-23 LUFS    M: -30.2 S: -31.4     I: -27.5 LUFS       LRA:   4.7 LU  FTPK: -26.5 -23.4 dBFS  TPK: -18.8 -19.2 dBFS
[Parsed_ebur128_1 @ 0x1241198a0] t: 12.699979  TARGET:-23 LUFS    M: -28.8 S: -31.2     I: -27.5 LUFS       LRA:   5.0 LU  FTPK: -26.9 -23.8 dBFS  TPK: -18.8 -19.2 dBFS
[Parsed_ebur128_1 @ 0x1241198a0] t: 12.799979  TARGET:-23 LUFS    M: -27.9 S: -31.1     I: -27.5 LUFS       LRA:   5.3 LU  FTPK: -28.1 -24.8 dBFS  TPK: -18.8 -19.2 dBFS
[Parsed_ebur128_1 @ 0x1241198a0] t: 12.899979  TARGET:-23 LUFS    M: -28.2 S: -31.0     I: -27.5 LUFS       LRA:   5.6 LU  FTPK: -28.6 -25.3 dBFS  TPK: -18.8 -19.2 dBFS
[Parsed_ebur128_1 @ 0x1241198a0] t: 12.999979  TARGET:-23 LUFS    M: -29.1 S: -30.9     I: -27.5 LUFS       LRA:   5.6 LU  FTPK: -29.3 -26.2 dBFS  TPK: -18.8 -19.2 dBFS
[Parsed_ebur128_1 @ 0x1241198a0] t: 13.099979  TARGET:-23 LUFS    M: -29.9 S: -30.8     I: -27.5 LUFS       LRA:   5.6 LU  FTPK: -30.0 -26.7 dBFS  TPK: -18.8 -19.2 dBFS
[Parsed_ebur128_1 @ 0x1241198a0] t: 13.199979  TARGET:-23 LUFS    M: -30.6 S: -30.8     I: -27.6 LUFS       LRA:   5.6 LU  FTPK: -30.4 -27.2 dBFS  TPK: -18.8 -19.2 dBFS
[Parsed_ebur128_1 @ 0x1241198a0] t: 13.299979  TARGET:-23 LUFS    M: -31.2 S: -30.9     I: -27.6 LUFS       LRA:   5.6 LU  FTPK: -31.2 -27.8 dBFS  TPK: -18.8 -19.2 dBFS
[Parsed_ebur128_1 @ 0x1241198a0] t: 13.399979  TARGET:-23 LUFS    M: -31.8 S: -31.2     I: -27.6 LUFS       LRA:   5.6 LU  FTPK: -32.1 -28.4 dBFS  TPK: -18.8 -19.2 dBFS
[Parsed_ebur128_1 @ 0x1241198a0] t: 13.499979  TARGET:-23 LUFS    M: -32.4 S: -31.4     I: -27.6 LUFS       LRA:   5.7 LU  FTPK: -34.8 -29.6 dBFS  TPK: -18.8 -19.2 dBFS
[Parsed_ebur128_1 @ 0x1241198a0] t: 13.599979  TARGET:-23 LUFS    M: -33.1 S: -31.6     I: -27.7 LUFS       LRA:   5.8 LU  FTPK: -35.4 -30.1 dBFS  TPK: -18.8 -19.2 dBFS
[Parsed_ebur128_1 @ 0x1241198a0] t: 13.699979  TARGET:-23 LUFS    M: -33.7 S: -31.7     I: -27.7 LUFS       LRA:   5.8 LU  FTPK: -36.2 -30.8 dBFS  TPK: -18.8 -19.2 dBFS
[Parsed_ebur128_1 @ 0x1241198a0] t: 13.799979  TARGET:-23 LUFS    M: -34.2 S: -31.9     I: -27.7 LUFS       LRA:   5.9 LU  FTPK: -36.8 -31.5 dBFS  TPK: -18.8 -19.2 dBFS
[Parsed_ebur128_1 @ 0x1241198a0] t: 13.899979  TARGET:-23 LUFS    M: -34.8 S: -32.1     I: -27.7 LUFS       LRA:   5.9 LU  FTPK: -37.5 -32.1 dBFS  TPK: -18.8 -19.2 dBFS
[Parsed_ebur128_1 @ 0x1241198a0] t: 13.999979  TARGET:-23 LUFS    M: -35.3 S: -32.2     I: -27.8 LUFS       LRA:   5.9 LU  FTPK: -38.1 -32.6 dBFS  TPK: -18.8 -19.2 dBFS
[Parsed_ebur128_1 @ 0x1241198a0] t: 14.099979  TARGET:-23 LUFS    M: -35.9 S: -32.3     I: -27.8 LUFS       LRA:   5.9 LU  FTPK: -38.6 -33.2 dBFS  TPK: -18.8 -19.2 dBFS
[Parsed_ebur128_1 @ 0x1241198a0] t: 14.199979  TARGET:-23 LUFS    M: -36.4 S: -32.4     I: -27.8 LUFS       LRA:   5.9 LU  FTPK: -39.2 -33.7 dBFS  TPK: -18.8 -19.2 dBFS
[Parsed_ebur128_1 @ 0x1241198a0] t: 14.299979  TARGET:-23 LUFS    M: -37.0 S: -32.6     I: -27.9 LUFS       LRA:   6.1 LU  FTPK: -39.7 -34.3 dBFS  TPK: -18.8 -19.2 dBFS
[Parsed_ebur128_1 @ 0x1241198a0] t: 14.399979  TARGET:-23 LUFS    M: -30.1 S: -31.9     I: -27.9 LUFS       LRA:   6.1 LU  FTPK: -19.6 -23.0 dBFS  TPK: -18.8 -19.2 dBFS
[Parsed_ebur128_1 @ 0x1241198a0] t: 14.499979  TARGET:-23 LUFS    M: -26.8 S: -31.0     I: -27.9 LUFS       LRA:   6.1 LU  FTPK: -19.6 -23.0 dBFS  TPK: -18.8 -19.2 dBFS
[Parsed_ebur128_1 @ 0x1241198a0] t: 14.599979  TARGET:-23 LUFS    M: -25.2 S: -30.4     I: -27.8 LUFS       LRA:   6.1 LU  FTPK: -20.2 -23.6 dBFS  TPK: -18.8 -19.2 dBFS
[Parsed_ebur128_1 @ 0x1241198a0] t: 14.699979  TARGET:-23 LUFS    M: -24.2 S: -30.0     I: -27.8 LUFS       LRA:   6.1 LU  FTPK: -21.1 -24.6 dBFS  TPK: -18.8 -19.2 dBFS
[Parsed_ebur128_1 @ 0x1241198a0] t: 14.799979  TARGET:-23 LUFS    M: -24.4 S: -29.6     I: -27.8 LUFS       LRA:   6.1 LU  FTPK: -21.5 -25.2 dBFS  TPK: -18.8 -19.2 dBFS
[Parsed_ebur128_1 @ 0x1241198a0] t: 14.899979  TARGET:-23 LUFS    M: -25.2 S: -29.4     I: -27.7 LUFS       LRA:   6.1 LU  FTPK: -22.1 -25.7 dBFS  TPK: -18.8 -19.2 dBFS
[Parsed_ebur128_1 @ 0x1241198a0] t: 14.999979  TARGET:-23 LUFS    M: -25.9 S: -29.2     I: -27.7 LUFS       LRA:   6.1 LU  FTPK: -22.9 -26.5 dBFS  TPK: -18.8 -19.2 dBFS
[Parsed_ebur128_1 @ 0x1241198a0] t: 15.099979  TARGET:-23 LUFS    M: -26.6 S: -29.0     I: -27.7 LUFS       LRA:   6.1 LU  FTPK: -23.4 -27.2 dBFS  TPK: -18.8 -19.2 dBFS
[Parsed_ebur128_1 @ 0x1241198a0] t: 15.199979  TARGET:-23 LUFS    M: -27.2 S: -28.8     I: -27.7 LUFS       LRA:   6.1 LU  FTPK: -23.8 -27.3 dBFS  TPK: -18.8 -19.2 dBFS
[Parsed_ebur128_1 @ 0x1241198a0] t: 15.299979  TARGET:-23 LUFS    M: -27.8 S: -28.7     I: -27.7 LUFS       LRA:   6.1 LU  FTPK: -24.5 -28.1 dBFS  TPK: -18.8 -19.2 dBFS
[Parsed_ebur128_1 @ 0x1241198a0] t: 15.399979  TARGET:-23 LUFS    M: -28.3 S: -28.6     I: -27.7 LUFS       LRA:   5.9 LU  FTPK: -25.1 -28.9 dBFS  TPK: -18.8 -19.2 dBFS
[Parsed_ebur128_1 @ 0x1241198a0] t: 15.499979  TARGET:-23 LUFS    M: -28.9 S: -28.6     I: -27.7 LUFS       LRA:   5.9 LU  FTPK: -25.4 -29.0 dBFS  TPK: -18.8 -19.2 dBFS
[Parsed_ebur128_1 @ 0x1241198a0] t: 15.599979  TARGET:-23 LUFS    M: -29.4 S: -28.7     I: -27.7 LUFS       LRA:   5.9 LU  FTPK: -26.0 -29.7 dBFS  TPK: -18.8 -19.2 dBFS
[Parsed_ebur128_1 @ 0x1241198a0] t: 15.699979  TARGET:-23 LUFS    M: -29.9 S: -28.8     I: -27.7 LUFS       LRA:   5.9 LU  FTPK: -26.7 -30.5 dBFS  TPK: -18.8 -19.2 dBFS
[Parsed_ebur128_1 @ 0x1241198a0] t: 15.799979  TARGET:-23 LUFS    M: -30.5 S: -28.9     I: -27.7 LUFS       LRA:   5.9 LU  FTPK: -27.2 -30.8 dBFS  TPK: -18.8 -19.2 dBFS
[Parsed_ebur128_1 @ 0x1241198a0] t: 15.899979  TARGET:-23 LUFS    M: -31.1 S: -28.9     I: -27.8 LUFS       LRA:   5.9 LU  FTPK: -27.8 -31.8 dBFS  TPK: -18.8 -19.2 dBFS
[Parsed_ebur128_1 @ 0x1241198a0] t: 15.999979  TARGET:-23 LUFS    M: -31.6 S: -29.0     I: -27.8 LUFS       LRA:   5.8 LU  FTPK: -28.5 -33.5 dBFS  TPK: -18.8 -19.2 dBFS
[Parsed_ebur128_1 @ 0x1241198a0] t: 16.099979  TARGET:-23 LUFS    M: -32.2 S: -29.0     I: -27.8 LUFS       LRA:   5.8 LU  FTPK: -29.2 -34.2 dBFS  TPK: -18.8 -19.2 dBFS
[Parsed_ebur128_1 @ 0x1241198a0] t: 16.199979  TARGET:-23 LUFS    M: -29.6 S: -28.8     I: -27.8 LUFS       LRA:   5.8 LU  FTPK: -22.8 -20.6 dBFS  TPK: -18.8 -19.2 dBFS
[Parsed_ebur128_1 @ 0x1241198a0] t: 16.299979  TARGET:-23 LUFS    M: -27.4 S: -28.5     I: -27.8 LUFS       LRA:   5.8 LU  FTPK: -22.8 -20.5 dBFS  TPK: -18.8 -19.2 dBFS
[Parsed_ebur128_1 @ 0x1241198a0] t: 16.399979  TARGET:-23 LUFS    M: -25.9 S: -28.2     I: -27.8 LUFS       LRA:   5.7 LU  FTPK: -22.6 -20.6 dBFS  TPK: -18.8 -19.2 dBFS
[Parsed_ebur128_1 @ 0x1241198a0] t: 16.499979  TARGET:-23 LUFS    M: -24.7 S: -27.9     I: -27.8 LUFS       LRA:   5.7 LU  FTPK: -22.7 -20.7 dBFS  TPK: -18.8 -19.2 dBFS
[Parsed_ebur128_1 @ 0x1241198a0] t: 16.599979  TARGET:-23 LUFS    M: -24.6 S: -27.6     I: -27.7 LUFS       LRA:   5.7 LU  FTPK: -23.2 -21.3 dBFS  TPK: -18.8 -19.2 dBFS
[Parsed_ebur128_1 @ 0x1241198a0] t: 16.699979  TARGET:-23 LUFS    M: -25.0 S: -27.5     I: -27.7 LUFS       LRA:   5.7 LU  FTPK: -24.2 -22.2 dBFS  TPK: -18.8 -19.2 dBFS
[Parsed_ebur128_1 @ 0x1241198a0] t: 16.799979  TARGET:-23 LUFS    M: -25.4 S: -27.3     I: -27.7 LUFS       LRA:   5.7 LU  FTPK: -24.7 -22.7 dBFS  TPK: -18.8 -19.2 dBFS
[Parsed_ebur128_1 @ 0x1241198a0] t: 16.899979  TARGET:-23 LUFS    M: -26.0 S: -27.2     I: -27.7 LUFS       LRA:   5.7 LU  FTPK: -25.5 -23.3 dBFS  TPK: -18.8 -19.2 dBFS
[Parsed_ebur128_1 @ 0x1241198a0] t: 16.999979  TARGET:-23 LUFS    M: -26.5 S: -27.0     I: -27.7 LUFS       LRA:   5.7 LU  FTPK: -26.2 -23.8 dBFS  TPK: -18.8 -19.2 dBFS
[Parsed_ebur128_1 @ 0x1241198a0] t: 17.099979  TARGET:-23 LUFS    M: -27.1 S: -26.9     I: -27.7 LUFS       LRA:   5.7 LU  FTPK: -26.6 -24.3 dBFS  TPK: -18.8 -19.2 dBFS
[Parsed_ebur128_1 @ 0x1241198a0] t: 17.199979  TARGET:-23 LUFS    M: -27.6 S: -26.9     I: -27.7 LUFS       LRA:   5.7 LU  FTPK: -27.1 -24.9 dBFS  TPK: -18.8 -19.2 dBFS
[Parsed_ebur128_1 @ 0x1241198a0] t: 17.299979  TARGET:-23 LUFS    M: -28.2 S: -26.8     I: -27.7 LUFS       LRA:   5.7 LU  FTPK: -27.6 -25.4 dBFS  TPK: -18.8 -19.2 dBFS
[Parsed_ebur128_1 @ 0x1241198a0] t: 17.399979  TARGET:-23 LUFS    M: -28.7 S: -26.9     I: -27.7 LUFS       LRA:   5.7 LU  FTPK: -28.1 -26.0 dBFS  TPK: -18.8 -19.2 dBFS
[Parsed_ebur128_1 @ 0x1241198a0] t: 17.499979  TARGET:-23 LUFS    M: -29.2 S: -27.2     I: -27.7 LUFS       LRA:   5.7 LU  FTPK: -28.4 -26.4 dBFS  TPK: -18.8 -19.2 dBFS
[Parsed_ebur128_1 @ 0x1241198a0] t: 17.599979  TARGET:-23 LUFS    M: -29.8 S: -27.5     I: -27.7 LUFS       LRA:   5.7 LU  FTPK: -29.0 -27.0 dBFS  TPK: -18.8 -19.2 dBFS
[Parsed_ebur128_1 @ 0x1241198a0] t: 17.699979  TARGET:-23 LUFS    M: -30.3 S: -27.7     I: -27.7 LUFS       LRA:   5.7 LU  FTPK: -29.5 -27.6 dBFS  TPK: -18.8 -19.2 dBFS
[Parsed_ebur128_1 @ 0x1241198a0] t: 17.799979  TARGET:-23 LUFS    M: -30.9 S: -27.8     I: -27.7 LUFS       LRA:   5.7 LU  FTPK: -30.1 -28.1 dBFS  TPK: -18.8 -19.2 dBFS
[Parsed_ebur128_1 @ 0x1241198a0] t: 17.899979  TARGET:-23 LUFS    M: -31.4 S: -28.0     I: -27.7 LUFS       LRA:   5.7 LU  FTPK: -30.8 -28.7 dBFS  TPK: -18.8 -19.2 dBFS
[Parsed_ebur128_1 @ 0x1241198a0] t: 17.999979  TARGET:-23 LUFS    M: -32.0 S: -28.1     I: -27.7 LUFS       LRA:   5.6 LU  FTPK: -31.3 -29.2 dBFS  TPK: -18.8 -19.2 dBFS
[Parsed_ebur128_1 @ 0x1241198a0] t: 18.099979  TARGET:-23 LUFS    M: -32.5 S: -28.2     I: -27.8 LUFS       LRA:   5.6 LU  FTPK: -31.7 -29.7 dBFS  TPK: -18.8 -19.2 dBFS
[Parsed_ebur128_1 @ 0x1241198a0] t: 18.199979  TARGET:-23 LUFS    M: -33.0 S: -28.4     I: -27.8 LUFS       LRA:   5.6 LU  FTPK: -32.3 -30.2 dBFS  TPK: -18.8 -19.2 dBFS
[Parsed_ebur128_1 @ 0x1241198a0] t: 18.299979  TARGET:-23 LUFS    M: -31.1 S: -28.3     I: -27.8 LUFS       LRA:   5.6 LU  FTPK: -22.0 -24.5 dBFS  TPK: -18.8 -19.2 dBFS
[Parsed_ebur128_1 @ 0x1241198a0] t: 18.399979  TARGET:-23 LUFS    M: -29.2 S: -28.2     I: -27.8 LUFS       LRA:   5.4 LU  FTPK: -21.9 -24.5 dBFS  TPK: -18.8 -19.2 dBFS
[Parsed_ebur128_1 @ 0x1241198a0] t: 18.499979  TARGET:-23 LUFS    M: -28.0 S: -28.1     I: -27.8 LUFS       LRA:   5.4 LU  FTPK: -22.6 -24.9 dBFS  TPK: -18.8 -19.2 dBFS
[Parsed_ebur128_1 @ 0x1241198a0] t: 18.599979  TARGET:-23 LUFS    M: -27.1 S: -28.0     I: -27.8 LUFS       LRA:   5.4 LU  FTPK: -23.1 -25.3 dBFS  TPK: -18.8 -19.2 dBFS
[Parsed_ebur128_1 @ 0x1241198a0] t: 18.699979  TARGET:-23 LUFS    M: -27.1 S: -28.0     I: -27.8 LUFS       LRA:   5.4 LU  FTPK: -23.7 -25.8 dBFS  TPK: -18.8 -19.2 dBFS
[Parsed_ebur128_1 @ 0x1241198a0] t: 18.799979  TARGET:-23 LUFS    M: -27.5 S: -27.9     I: -27.8 LUFS       LRA:   5.4 LU  FTPK: -23.9 -25.9 dBFS  TPK: -18.8 -19.2 dBFS
[Parsed_ebur128_1 @ 0x1241198a0] t: 18.899979  TARGET:-23 LUFS    M: -27.9 S: -27.8     I: -27.8 LUFS       LRA:   5.4 LU  FTPK: -24.5 -26.5 dBFS  TPK: -18.8 -19.2 dBFS
[Parsed_ebur128_1 @ 0x1241198a0] t: 18.999979  TARGET:-23 LUFS    M: -28.3 S: -27.8     I: -27.8 LUFS       LRA:   5.4 LU  FTPK: -25.1 -27.1 dBFS  TPK: -18.8 -19.2 dBFS
[Parsed_ebur128_1 @ 0x1241198a0] t: 19.099979  TARGET:-23 LUFS    M: -28.8 S: -27.7     I: -27.8 LUFS       LRA:   5.4 LU  FTPK: -25.6 -27.6 dBFS  TPK: -18.8 -19.2 dBFS
[Parsed_ebur128_1 @ 0x1241198a0] t: 19.199979  TARGET:-23 LUFS    M: -29.5 S: -27.9     I: -27.8 LUFS       LRA:   5.4 LU  FTPK: -26.4 -28.7 dBFS  TPK: -18.8 -19.2 dBFS
[Parsed_ebur128_1 @ 0x1241198a0] t: 19.299979  TARGET:-23 LUFS    M: -30.1 S: -28.1     I: -27.8 LUFS       LRA:   5.4 LU  FTPK: -28.1 -32.2 dBFS  TPK: -18.8 -19.2 dBFS
[Parsed_ebur128_1 @ 0x1241198a0] t: 19.399979  TARGET:-23 LUFS    M: -30.8 S: -28.4     I: -27.8 LUFS       LRA:   5.4 LU  FTPK: -28.7 -32.9 dBFS  TPK: -18.8 -19.2 dBFS
[Parsed_ebur128_1 @ 0x1241198a0] t: 19.499979  TARGET:-23 LUFS    M: -31.5 S: -28.7     I: -27.8 LUFS       LRA:   5.4 LU  FTPK: -29.3 -33.5 dBFS  TPK: -18.8 -19.2 dBFS
[Parsed_ebur128_1 @ 0x1241198a0] t: 19.599979  TARGET:-23 LUFS    M: -32.1 S: -29.0     I: -27.9 LUFS       LRA:   5.4 LU  FTPK: -29.9 -34.1 dBFS  TPK: -18.8 -19.2 dBFS
[Parsed_ebur128_1 @ 0x1241198a0] t: 19.699979  TARGET:-23 LUFS    M: -32.6 S: -29.3     I: -27.9 LUFS       LRA:   5.4 LU  FTPK: -30.5 -34.8 dBFS  TPK: -18.8 -19.2 dBFS
[Parsed_ebur128_1 @ 0x1241198a0] t: 19.799979  TARGET:-23 LUFS    M: -33.1 S: -29.5     I: -27.9 LUFS       LRA:   5.4 LU  FTPK: -31.1 -35.4 dBFS  TPK: -18.8 -19.2 dBFS
[Parsed_ebur128_1 @ 0x1241198a0] t: 19.899979  TARGET:-23 LUFS    M: -33.7 S: -29.8     I: -27.9 LUFS       LRA:   5.4 LU  FTPK: -31.6 -36.0 dBFS  TPK: -18.8 -19.2 dBFS
[Parsed_ebur128_1 @ 0x1241198a0] t: 19.999979  TARGET:-23 LUFS    M: -34.2 S: -30.0     I: -27.9 LUFS       LRA:   5.3 LU  FTPK: -32.1 -36.5 dBFS  TPK: -18.8 -19.2 dBFS
[Parsed_ebur128_1 @ 0x1241198a0] t: 20.099979  TARGET:-23 LUFS    M: -34.8 S: -30.2     I: -27.9 LUFS       LRA:   5.3 LU  FTPK: -32.7 -37.0 dBFS  TPK: -18.8 -19.2 dBFS
[Parsed_ebur128_1 @ 0x1241198a0] t: 20.199979  TARGET:-23 LUFS    M: -35.3 S: -30.3     I: -28.0 LUFS       LRA:   5.3 LU  FTPK: -33.2 -37.5 dBFS  TPK: -18.8 -19.2 dBFS
[Parsed_ebur128_1 @ 0x1241198a0] t: 20.299979  TARGET:-23 LUFS    M: -31.7 S: -30.2     I: -28.0 LUFS       LRA:   5.3 LU  FTPK: -25.0 -22.2 dBFS  TPK: -18.8 -19.2 dBFS
[Parsed_ebur128_1 @ 0x1241198a0] t: 20.399979  TARGET:-23 LUFS    M: -29.1 S: -30.0     I: -28.0 LUFS       LRA:   5.2 LU  FTPK: -25.1 -22.3 dBFS  TPK: -18.8 -19.2 dBFS
[Parsed_ebur128_1 @ 0x1241198a0] t: 20.499979  TARGET:-23 LUFS    M: -27.7 S: -29.9     I: -28.0 LUFS       LRA:   5.2 LU  FTPK: -25.7 -22.8 dBFS  TPK: -18.8 -19.2 dBFS
[Parsed_ebur128_1 @ 0x1241198a0] t: 20.599979  TARGET:-23 LUFS    M: -26.8 S: -29.7     I: -28.0 LUFS       LRA:   5.2 LU  FTPK: -26.1 -23.2 dBFS  TPK: -18.8 -19.2 dBFS
[Parsed_ebur128_1 @ 0x1241198a0] t: 20.699979  TARGET:-23 LUFS    M: -27.0 S: -29.6     I: -28.0 LUFS       LRA:   5.2 LU  FTPK: -26.6 -23.8 dBFS  TPK: -18.8 -19.2 dBFS
[Parsed_ebur128_1 @ 0x1241198a0] t: 20.799979  TARGET:-23 LUFS    M: -27.7 S: -29.5     I: -28.0 LUFS       LRA:   5.2 LU  FTPK: -27.8 -24.8 dBFS  TPK: -18.8 -19.2 dBFS
[Parsed_ebur128_1 @ 0x1241198a0] t: 20.899979  TARGET:-23 LUFS    M: -28.3 S: -29.5     I: -28.0 LUFS       LRA:   5.2 LU  FTPK: -28.3 -25.4 dBFS  TPK: -18.8 -19.2 dBFS
[Parsed_ebur128_1 @ 0x1241198a0] t: 20.999979  TARGET:-23 LUFS    M: -28.9 S: -29.4     I: -28.0 LUFS       LRA:   5.2 LU  FTPK: -28.9 -25.9 dBFS  TPK: -18.8 -19.2 dBFS
[Parsed_ebur128_1 @ 0x1241198a0] t: 21.099979  TARGET:-23 LUFS    M: -29.5 S: -29.3     I: -28.0 LUFS       LRA:   5.2 LU  FTPK: -29.3 -26.4 dBFS  TPK: -18.8 -19.2 dBFS
[Parsed_ebur128_1 @ 0x1241198a0] t: 21.199979  TARGET:-23 LUFS    M: -30.1 S: -29.3     I: -28.0 LUFS       LRA:   5.2 LU  FTPK: -29.9 -27.0 dBFS  TPK: -18.8 -19.2 dBFS
[Parsed_ebur128_1 @ 0x1241198a0] t: 21.299979  TARGET:-23 LUFS    M: -30.6 S: -29.4     I: -28.0 LUFS       LRA:   5.2 LU  FTPK: -30.6 -27.6 dBFS  TPK: -18.8 -19.2 dBFS
[Parsed_ebur128_1 @ 0x1241198a0] t: 21.399979  TARGET:-23 LUFS    M: -31.1 S: -29.6     I: -28.0 LUFS       LRA:   5.2 LU  FTPK: -31.1 -28.1 dBFS  TPK: -18.8 -19.2 dBFS
[Parsed_ebur128_1 @ 0x1241198a0] t: 21.499979  TARGET:-23 LUFS    M: -31.7 S: -29.8     I: -28.0 LUFS       LRA:   5.2 LU  FTPK: -32.1 -28.8 dBFS  TPK: -18.8 -19.2 dBFS
[Parsed_ebur128_1 @ 0x1241198a0] t: 21.599979  TARGET:-23 LUFS    M: -32.4 S: -30.0     I: -28.0 LUFS       LRA:   5.2 LU  FTPK: -35.2 -30.1 dBFS  TPK: -18.8 -19.2 dBFS
[Parsed_ebur128_1 @ 0x1241198a0] t: 21.699979  TARGET:-23 LUFS    M: -33.0 S: -30.2     I: -28.0 LUFS       LRA:   5.2 LU  FTPK: -35.9 -30.8 dBFS  TPK: -18.8 -19.2 dBFS
[Parsed_ebur128_1 @ 0x1241198a0] t: 21.799979  TARGET:-23 LUFS    M: -33.6 S: -30.4     I: -28.1 LUFS       LRA:   5.2 LU  FTPK: -36.7 -31.5 dBFS  TPK: -18.8 -19.2 dBFS
[Parsed_ebur128_1 @ 0x1241198a0] t: 21.899979  TARGET:-23 LUFS    M: -34.2 S: -30.6     I: -28.1 LUFS       LRA:   5.2 LU  FTPK: -37.3 -32.0 dBFS  TPK: -18.8 -19.2 dBFS
[Parsed_ebur128_1 @ 0x1241198a0] t: 21.999979  TARGET:-23 LUFS    M: -34.8 S: -30.7     I: -28.1 LUFS       LRA:   5.1 LU  FTPK: -38.1 -32.7 dBFS  TPK: -18.8 -19.2 dBFS
[Parsed_ebur128_1 @ 0x1241198a0] t: 22.099979  TARGET:-23 LUFS    M: -35.3 S: -30.9     I: -28.1 LUFS       LRA:   5.1 LU  FTPK: -38.6 -33.2 dBFS  TPK: -18.8 -19.2 dBFS
[Parsed_ebur128_1 @ 0x1241198a0] t: 22.199979  TARGET:-23 LUFS    M: -35.9 S: -31.0     I: -28.1 LUFS       LRA:   5.1 LU  FTPK: -39.1 -33.7 dBFS  TPK: -18.8 -19.2 dBFS
[Parsed_ebur128_1 @ 0x1241198a0] t: 22.299979  TARGET:-23 LUFS    M: -36.4 S: -31.1     I: -28.1 LUFS       LRA:   5.1 LU  FTPK: -39.7 -34.3 dBFS  TPK: -18.8 -19.2 dBFS
[Parsed_ebur128_1 @ 0x1241198a0] t: 22.399979  TARGET:-23 LUFS    M: -37.0 S: -31.2     I: -28.2 LUFS       LRA:   5.1 LU  FTPK: -40.1 -34.9 dBFS  TPK: -18.8 -19.2 dBFS
[Parsed_ebur128_1 @ 0x1241198a0] t: 22.499979  TARGET:-23 LUFS    M: -37.5 S: -31.3     I: -28.2 LUFS       LRA:   5.1 LU  FTPK: -40.8 -35.3 dBFS  TPK: -18.8 -19.2 dBFS
[Parsed_ebur128_1 @ 0x1241198a0] t: 22.599979  TARGET:-23 LUFS    M: -38.0 S: -31.4     I: -28.2 LUFS       LRA:   5.2 LU  FTPK: -41.4 -35.9 dBFS  TPK: -18.8 -19.2 dBFS
[Parsed_ebur128_1 @ 0x1241198a0] t: 22.699979  TARGET:-23 LUFS    M: -38.6 S: -31.4     I: -28.2 LUFS       LRA:   5.2 LU  FTPK: -41.9 -36.4 dBFS  TPK: -18.8 -19.2 dBFS
[Parsed_ebur128_1 @ 0x1241198a0] t: 22.799979  TARGET:-23 LUFS    M: -39.1 S: -31.5     I: -28.2 LUFS       LRA:   5.2 LU  FTPK: -42.4 -37.0 dBFS  TPK: -18.8 -19.2 dBFS
[Parsed_ebur128_1 @ 0x1241198a0] t: 22.899979  TARGET:-23 LUFS    M: -39.7 S: -31.5     I: -28.2 LUFS       LRA:   5.3 LU  FTPK: -42.9 -37.6 dBFS  TPK: -18.8 -19.2 dBFS
[Parsed_ebur128_1 @ 0x1241198a0] t: 22.999979  TARGET:-23 LUFS    M: -40.2 S: -31.6     I: -28.2 LUFS       LRA:   5.3 LU  FTPK: -43.5 -38.1 dBFS  TPK: -18.8 -19.2 dBFS
[Parsed_ebur128_1 @ 0x1241198a0] t: 23.099979  TARGET:-23 LUFS    M: -31.9 S: -31.2     I: -28.2 LUFS       LRA:   5.3 LU  FTPK: -21.1 -24.9 dBFS  TPK: -18.8 -19.2 dBFS
[Parsed_ebur128_1 @ 0x1241198a0] t: 23.199979  TARGET:-23 LUFS    M: -28.4 S: -30.6     I: -28.2 LUFS       LRA:   5.3 LU  FTPK: -21.0 -24.8 dBFS  TPK: -18.8 -19.2 dBFS
[Parsed_ebur128_1 @ 0x1241198a0] t: 23.299979  TARGET:-23 LUFS    M: -26.9 S: -30.5     I: -28.2 LUFS       LRA:   5.3 LU  FTPK: -21.5 -25.3 dBFS  TPK: -18.8 -19.2 dBFS
[Parsed_ebur128_1 @ 0x1241198a0] t: 23.399979  TARGET:-23 LUFS    M: -26.0 S: -30.6     I: -28.2 LUFS       LRA:   5.3 LU  FTPK: -22.6 -26.9 dBFS  TPK: -18.8 -19.2 dBFS
[Parsed_ebur128_1 @ 0x1241198a0] t: 23.499979  TARGET:-23 LUFS    M: -26.3 S: -30.7     I: -28.2 LUFS       LRA:   5.3 LU  FTPK: -23.1 -27.4 dBFS  TPK: -18.8 -19.2 dBFS
[Parsed_ebur128_1 @ 0x1241198a0] t: 23.599979  TARGET:-23 LUFS    M: -27.3 S: -30.8     I: -28.2 LUFS       LRA:   5.3 LU  FTPK: -24.3 -28.9 dBFS  TPK: -18.8 -19.2 dBFS
[Parsed_ebur128_1 @ 0x1241198a0] t: 23.699979  TARGET:-23 LUFS    M: -28.1 S: -30.8     I: -28.2 LUFS       LRA:   5.3 LU  FTPK: -24.9 -29.5 dBFS  TPK: -18.8 -19.2 dBFS
[Parsed_ebur128_1 @ 0x1241198a0] t: 23.799979  TARGET:-23 LUFS    M: -28.8 S: -30.9     I: -28.2 LUFS       LRA:   5.3 LU  FTPK: -25.5 -30.1 dBFS  TPK: -18.8 -19.2 dBFS
[Parsed_ebur128_1 @ 0x1241198a0] t: 23.899979  TARGET:-23 LUFS    M: -29.4 S: -30.9     I: -28.2 LUFS       LRA:   5.3 LU  FTPK: -26.1 -30.8 dBFS  TPK: -18.8 -19.2 dBFS
[Parsed_ebur128_1 @ 0x1241198a0] t: 23.999979  TARGET:-23 LUFS    M: -29.9 S: -31.0     I: -28.2 LUFS       LRA:   5.2 LU  FTPK: -26.7 -31.4 dBFS  TPK: -18.8 -19.2 dBFS
[Parsed_ebur128_1 @ 0x1241198a0] t: 24.099979  TARGET:-23 LUFS    M: -30.4 S: -31.0     I: -28.2 LUFS       LRA:   5.2 LU  FTPK: -27.4 -32.2 dBFS  TPK: -18.8 -19.2 dBFS
[Parsed_ebur128_1 @ 0x1241198a0] t: 24.199979  TARGET:-23 LUFS    M: -31.0 S: -31.0     I: -28.2 LUFS       LRA:   5.2 LU  FTPK: -28.1 -32.9 dBFS  TPK: -18.8 -19.2 dBFS
[Parsed_ebur128_1 @ 0x1241198a0] t: 24.299979  TARGET:-23 LUFS    M: -31.5 S: -31.0     I: -28.2 LUFS       LRA:   5.2 LU  FTPK: -28.6 -33.9 dBFS  TPK: -18.8 -19.2 dBFS
[Parsed_ebur128_1 @ 0x1241198a0] t: 24.399979  TARGET:-23 LUFS    M: -29.6 S: -30.7     I: -28.2 LUFS       LRA:   5.1 LU  FTPK: -23.1 -21.6 dBFS  TPK: -18.8 -19.2 dBFS
[Parsed_ebur128_1 @ 0x1241198a0] t: 24.499979  TARGET:-23 LUFS    M: -27.8 S: -30.3     I: -28.2 LUFS       LRA:   5.1 LU  FTPK: -23.1 -21.6 dBFS  TPK: -18.8 -19.2 dBFS
[Parsed_ebur128_1 @ 0x1241198a0] t: 24.599979  TARGET:-23 LUFS    M: -26.5 S: -29.9     I: -28.2 LUFS       LRA:   5.1 LU  FTPK: -23.2 -21.8 dBFS  TPK: -18.8 -19.2 dBFS
[Parsed_ebur128_1 @ 0x1241198a0] t: 24.699979  TARGET:-23 LUFS    M: -25.5 S: -29.6     I: -28.2 LUFS       LRA:   5.1 LU  FTPK: -23.3 -22.0 dBFS  TPK: -18.8 -19.2 dBFS
[Parsed_ebur128_1 @ 0x1241198a0] t: 24.799979  TARGET:-23 LUFS    M: -25.4 S: -29.3     I: -28.2 LUFS       LRA:   5.1 LU  FTPK: -23.8 -22.5 dBFS  TPK: -18.8 -19.2 dBFS
[Parsed_ebur128_1 @ 0x1241198a0] t: 24.899979  TARGET:-23 LUFS    M: -25.8 S: -29.1     I: -28.2 LUFS       LRA:   5.1 LU  FTPK: -24.7 -23.3 dBFS  TPK: -18.8 -19.2 dBFS
[Parsed_ebur128_1 @ 0x1241198a0] t: 24.999979  TARGET:-23 LUFS    M: -26.2 S: -28.9     I: -28.1 LUFS       LRA:   5.1 LU  FTPK: -25.2 -23.8 dBFS  TPK: -18.8 -19.2 dBFS
[Parsed_ebur128_1 @ 0x1241198a0] t: 25.099979  TARGET:-23 LUFS    M: -26.8 S: -28.7     I: -28.1 LUFS       LRA:   5.1 LU  FTPK: -25.7 -24.3 dBFS  TPK: -18.8 -19.2 dBFS
[Parsed_ebur128_1 @ 0x1241198a0] t: 25.199979  TARGET:-23 LUFS    M: -27.4 S: -28.6     I: -28.1 LUFS       LRA:   5.1 LU  FTPK: -26.3 -24.9 dBFS  TPK: -18.8 -19.2 dBFS
[Parsed_ebur128_1 @ 0x1241198a0] t: 25.299979  TARGET:-23 LUFS    M: -27.9 S: -28.5     I: -28.1 LUFS       LRA:   5.1 LU  FTPK: -26.8 -25.4 dBFS  TPK: -18.8 -19.2 dBFS
[Parsed_ebur128_1 @ 0x1241198a0] t: 25.399979  TARGET:-23 LUFS    M: -28.4 S: -28.4     I: -28.1 LUFS       LRA:   5.1 LU  FTPK: -27.4 -26.0 dBFS  TPK: -18.8 -19.2 dBFS
[Parsed_ebur128_1 @ 0x1241198a0] t: 25.499979  TARGET:-23 LUFS    M: -29.0 S: -28.3     I: -28.1 LUFS       LRA:   5.1 LU  FTPK: -27.9 -26.5 dBFS  TPK: -18.8 -19.2 dBFS
[Parsed_ebur128_1 @ 0x1241198a0] t: 25.599979  TARGET:-23 LUFS    M: -29.5 S: -28.2     I: -28.1 LUFS       LRA:   5.1 LU  FTPK: -28.4 -27.1 dBFS  TPK: -18.8 -19.2 dBFS
[Parsed_ebur128_1 @ 0x1241198a0] t: 25.699979  TARGET:-23 LUFS    M: -30.1 S: -28.2     I: -28.1 LUFS       LRA:   5.1 LU  FTPK: -29.0 -27.5 dBFS  TPK: -18.8 -19.2 dBFS
[Parsed_ebur128_1 @ 0x1241198a0] t: 25.799979  TARGET:-23 LUFS    M: -30.6 S: -28.1     I: -28.2 LUFS       LRA:   5.1 LU  FTPK: -29.6 -28.2 dBFS  TPK: -18.8 -19.2 dBFS
[Parsed_ebur128_1 @ 0x1241198a0] t: 25.899979  TARGET:-23 LUFS    M: -30.0 S: -28.0     I: -28.2 LUFS       LRA:   5.1 LU  FTPK: -22.9 -24.8 dBFS  TPK: -18.8 -19.2 dBFS
[Parsed_ebur128_1 @ 0x1241198a0] t: 25.999979  TARGET:-23 LUFS    M: -29.2 S: -27.8     I: -28.2 LUFS       LRA:   4.9 LU  FTPK: -22.5 -24.6 dBFS  TPK: -18.8 -19.2 dBFS
[Parsed_ebur128_1 @ 0x1241198a0] t: 26.099979  TARGET:-23 LUFS    M: -28.5 S: -27.9     I: -28.2 LUFS       LRA:   4.9 LU  FTPK: -22.9 -24.9 dBFS  TPK: -18.8 -19.2 dBFS
[Parsed_ebur128_1 @ 0x1241198a0] t: 26.199979  TARGET:-23 LUFS    M: -28.0 S: -28.1     I: -28.2 LUFS       LRA:   4.9 LU  FTPK: -23.7 -25.8 dBFS  TPK: -18.8 -19.2 dBFS
[Parsed_ebur128_1 @ 0x1241198a0] t: 26.299979  TARGET:-23 LUFS    M: -28.1 S: -28.2     I: -28.2 LUFS       LRA:   4.9 LU  FTPK: -23.9 -25.8 dBFS  TPK: -18.8 -19.2 dBFS
[Parsed_ebur128_1 @ 0x1241198a0] t: 26.399979  TARGET:-23 LUFS    M: -28.5 S: -28.2     I: -28.2 LUFS       LRA:   4.9 LU  FTPK: -24.5 -26.5 dBFS  TPK: -18.8 -19.2 dBFS
[Parsed_ebur128_1 @ 0x1241198a0] t: 26.499979  TARGET:-23 LUFS    M: -28.9 S: -28.3     I: -28.2 LUFS       LRA:   4.9 LU  FTPK: -24.9 -26.6 dBFS  TPK: -18.8 -19.2 dBFS
[Parsed_ebur128_1 @ 0x1241198a0] t: 26.599979  TARGET:-23 LUFS    M: -29.4 S: -28.3     I: -28.2 LUFS       LRA:   4.9 LU  FTPK: -25.6 -27.5 dBFS  TPK: -18.8 -19.2 dBFS
[Parsed_ebur128_1 @ 0x1241198a0] t: 26.699979  TARGET:-23 LUFS    M: -29.9 S: -28.4     I: -28.2 LUFS       LRA:   4.9 LU  FTPK: -25.9 -27.6 dBFS  TPK: -18.8 -19.2 dBFS
[Parsed_ebur128_1 @ 0x1241198a0] t: 26.799979  TARGET:-23 LUFS    M: -30.5 S: -28.4     I: -28.2 LUFS       LRA:   4.9 LU  FTPK: -26.6 -28.6 dBFS  TPK: -18.8 -19.2 dBFS
[Parsed_ebur128_1 @ 0x1241198a0] t: 26.899979  TARGET:-23 LUFS    M: -31.0 S: -28.4     I: -28.2 LUFS       LRA:   4.9 LU  FTPK: -27.1 -28.8 dBFS  TPK: -18.8 -19.2 dBFS
[Parsed_ebur128_1 @ 0x1241198a0] t: 26.999979  TARGET:-23 LUFS    M: -31.5 S: -28.4     I: -28.2 LUFS       LRA:   4.9 LU  FTPK: -27.7 -29.6 dBFS  TPK: -18.8 -19.2 dBFS
[Parsed_ebur128_1 @ 0x1241198a0] t: 27.099979  TARGET:-23 LUFS    M: -32.1 S: -28.5     I: -28.2 LUFS       LRA:   4.9 LU  FTPK: -28.3 -29.9 dBFS  TPK: -18.8 -19.2 dBFS
[Parsed_ebur128_1 @ 0x1241198a0] t: 27.199979  TARGET:-23 LUFS    M: -31.5 S: -28.4     I: -28.2 LUFS       LRA:   4.9 LU  FTPK: -24.8 -23.1 dBFS  TPK: -18.8 -19.2 dBFS
[Parsed_ebur128_1 @ 0x1241198a0] t: 27.299979  TARGET:-23 LUFS    M: -30.5 S: -28.3     I: -28.2 LUFS       LRA:   4.9 LU  FTPK: -24.8 -23.1 dBFS  TPK: -18.8 -19.2 dBFS
[Parsed_ebur128_1 @ 0x1241198a0] t: 27.399979  TARGET:-23 LUFS    M: -29.8 S: -28.5     I: -28.2 LUFS       LRA:   4.9 LU  FTPK: -25.9 -24.0 dBFS  TPK: -18.8 -19.2 dBFS
[Parsed_ebur128_1 @ 0x1241198a0] t: 27.499979  TARGET:-23 LUFS    M: -29.4 S: -28.7     I: -28.3 LUFS       LRA:   4.9 LU  FTPK: -26.7 -24.8 dBFS  TPK: -18.8 -19.2 dBFS
[Parsed_ebur128_1 @ 0x1241198a0] t: 27.599979  TARGET:-23 LUFS    M: -29.6 S: -28.9     I: -28.3 LUFS       LRA:   4.9 LU  FTPK: -27.2 -25.3 dBFS  TPK: -18.8 -19.2 dBFS
[Parsed_ebur128_1 @ 0x1241198a0] t: 27.699979  TARGET:-23 LUFS    M: -30.3 S: -29.2     I: -28.3 LUFS       LRA:   4.9 LU  FTPK: -27.9 -25.9 dBFS  TPK: -18.8 -19.2 dBFS
[Parsed_ebur128_1 @ 0x1241198a0] t: 27.799979  TARGET:-23 LUFS    M: -31.0 S: -29.4     I: -28.3 LUFS       LRA:   4.9 LU  FTPK: -28.0 -26.4 dBFS  TPK: -18.8 -19.2 dBFS
[Parsed_ebur128_1 @ 0x1241198a0] t: 27.899979  TARGET:-23 LUFS    M: -31.5 S: -29.6     I: -28.3 LUFS       LRA:   4.9 LU  FTPK: -29.1 -27.4 dBFS  TPK: -18.8 -19.2 dBFS
[Parsed_ebur128_1 @ 0x1241198a0] t: 27.999979  TARGET:-23 LUFS    M: -32.1 S: -29.8     I: -28.3 LUFS       LRA:   4.8 LU  FTPK: -29.3 -27.5 dBFS  TPK: -18.8 -19.2 dBFS
[Parsed_ebur128_1 @ 0x1241198a0] t: 28.099979  TARGET:-23 LUFS    M: -32.7 S: -30.0     I: -28.3 LUFS       LRA:   4.8 LU  FTPK: -30.3 -28.4 dBFS  TPK: -18.8 -19.2 dBFS
[Parsed_ebur128_1 @ 0x1241198a0] t: 28.199979  TARGET:-23 LUFS    M: -33.3 S: -30.1     I: -28.3 LUFS       LRA:   4.8 LU  FTPK: -30.3 -28.4 dBFS  TPK: -18.8 -19.2 dBFS
[Parsed_ebur128_1 @ 0x1241198a0] t: 28.299979  TARGET:-23 LUFS    M: -33.8 S: -30.3     I: -28.3 LUFS       LRA:   4.8 LU  FTPK: -31.2 -29.2 dBFS  TPK: -18.8 -19.2 dBFS
[Parsed_ebur128_1 @ 0x1241198a0] t: 28.399979  TARGET:-23 LUFS    M: -34.4 S: -30.4     I: -28.3 LUFS       LRA:   4.8 LU  FTPK: -32.3 -29.9 dBFS  TPK: -18.8 -19.2 dBFS
[Parsed_ebur128_1 @ 0x1241198a0] t: 28.499979  TARGET:-23 LUFS    M: -34.9 S: -30.6     I: -28.3 LUFS       LRA:   4.8 LU  FTPK: -32.2 -30.1 dBFS  TPK: -18.8 -19.2 dBFS
[Parsed_ebur128_1 @ 0x1241198a0] t: 28.599979  TARGET:-23 LUFS    M: -35.5 S: -30.7     I: -28.4 LUFS       LRA:   4.8 LU  FTPK: -33.2 -31.1 dBFS  TPK: -18.8 -19.2 dBFS
[Parsed_ebur128_1 @ 0x1241198a0] t: 28.699979  TARGET:-23 LUFS    M: -36.0 S: -30.8     I: -28.4 LUFS       LRA:   4.8 LU  FTPK: -33.3 -31.2 dBFS  TPK: -18.8 -19.2 dBFS
[Parsed_ebur128_1 @ 0x1241198a0] t: 28.799979  TARGET:-23 LUFS    M: -36.5 S: -30.9     I: -28.4 LUFS       LRA:   4.8 LU  FTPK: -34.5 -32.5 dBFS  TPK: -18.8 -19.2 dBFS
[Parsed_ebur128_1 @ 0x1241198a0] t: 28.899979  TARGET:-23 LUFS    M: -37.1 S: -31.1     I: -28.4 LUFS       LRA:   4.8 LU  FTPK: -34.8 -32.6 dBFS  TPK: -18.8 -19.2 dBFS
[Parsed_ebur128_1 @ 0x1241198a0] t: 28.999979  TARGET:-23 LUFS    M: -37.6 S: -31.4     I: -28.4 LUFS       LRA:   4.8 LU  FTPK: -35.6 -33.6 dBFS  TPK: -18.8 -19.2 dBFS
[Parsed_ebur128_1 @ 0x1241198a0] t: 29.099979  TARGET:-23 LUFS    M: -38.2 S: -31.7     I: -28.4 LUFS       LRA:   4.8 LU  FTPK: -35.8 -33.9 dBFS  TPK: -18.8 -19.2 dBFS
[Parsed_ebur128_1 @ 0x1241198a0] t: 29.199979  TARGET:-23 LUFS    M: -38.8 S: -32.0     I: -28.4 LUFS       LRA:   4.8 LU  FTPK: -37.3 -35.7 dBFS  TPK: -18.8 -19.2 dBFS
[Parsed_ebur128_1 @ 0x1241198a0] t: 29.299979  TARGET:-23 LUFS    M: -39.5 S: -32.3     I: -28.4 LUFS       LRA:   4.9 LU  FTPK: -38.0 -36.3 dBFS  TPK: -18.8 -19.2 dBFS
[Parsed_ebur128_1 @ 0x1241198a0] t: 29.399979  TARGET:-23 LUFS    M: -40.1 S: -32.6     I: -28.4 LUFS       LRA:   4.9 LU  FTPK: -38.4 -36.7 dBFS  TPK: -18.8 -19.2 dBFS
[Parsed_ebur128_1 @ 0x1241198a0] t: 29.499979  TARGET:-23 LUFS    M: -40.7 S: -32.9     I: -28.4 LUFS       LRA:   4.9 LU  FTPK: -39.0 -37.3 dBFS  TPK: -18.8 -19.2 dBFS
[Parsed_ebur128_1 @ 0x1241198a0] t: 29.599979  TARGET:-23 LUFS    M: -41.2 S: -33.2     I: -28.4 LUFS       LRA:   5.0 LU  FTPK: -39.4 -37.8 dBFS  TPK: -18.8 -19.2 dBFS
[Parsed_ebur128_1 @ 0x1241198a0] t: 29.699979  TARGET:-23 LUFS    M: -41.9 S: -33.4     I: -28.4 LUFS       LRA:   5.0 LU  FTPK: -40.1 -38.5 dBFS  TPK: -18.8 -19.2 dBFS
[Parsed_ebur128_1 @ 0x1241198a0] t: 29.799979  TARGET:-23 LUFS    M: -42.8 S: -33.7     I: -28.4 LUFS       LRA:   5.0 LU  FTPK: -42.0 -40.4 dBFS  TPK: -18.8 -19.2 dBFS
[Parsed_ebur128_1 @ 0x1241198a0] t: 29.899979  TARGET:-23 LUFS    M: -44.0 S: -33.9     I: -28.4 LUFS       LRA:   5.0 LU  FTPK: -43.8 -42.1 dBFS  TPK: -18.8 -19.2 dBFS
[Parsed_ebur128_1 @ 0x1241198a0] t: 29.999979  TARGET:-23 LUFS    M: -45.6 S: -34.1     I: -28.4 LUFS       LRA:   4.9 LU  FTPK: -46.1 -44.4 dBFS  TPK: -18.8 -19.2 dBFS
[Parsed_ebur128_1 @ 0x1241198a0] t: 30.099979  TARGET:-23 LUFS    M: -47.6 S: -34.3     I: -28.4 LUFS       LRA:   4.9 LU  FTPK: -48.2 -46.6 dBFS  TPK: -18.8 -19.2 dBFS
[Parsed_ebur128_1 @ 0x1241198a0] t: 30.199979  TARGET:-23 LUFS    M: -49.7 S: -34.7     I: -28.4 LUFS       LRA:   5.0 LU  FTPK: -50.6 -49.0 dBFS  TPK: -18.8 -19.2 dBFS
[Parsed_ebur128_1 @ 0x1241198a0] t: 30.299979  TARGET:-23 LUFS    M: -52.1 S: -35.4     I: -28.4 LUFS       LRA:   5.0 LU  FTPK: -54.0 -51.8 dBFS  TPK: -18.8 -19.2 dBFS
[Parsed_ebur128_1 @ 0x1241198a0] t: 30.399979  TARGET:-23 LUFS    M: -54.8 S: -36.0     I: -28.4 LUFS       LRA:   5.0 LU  FTPK: -61.3 -56.5 dBFS  TPK: -18.8 -19.2 dBFS
[Parsed_silencedetect_0 @ 0x124119750] silence_start: 29.915979
[Parsed_ebur128_1 @ 0x1241198a0] t: 30.499979  TARGET:-23 LUFS    M: -57.7 S: -36.6     I: -28.4 LUFS       LRA:   5.0 LU  FTPK: -64.5 -59.8 dBFS  TPK: -18.8 -19.2 dBFS
[Parsed_ebur128_1 @ 0x1241198a0] t: 30.599979  TARGET:-23 LUFS    M: -61.3 S: -37.2     I: -28.4 LUFS       LRA:   5.1 LU  FTPK: -68.6 -63.8 dBFS  TPK: -18.8 -19.2 dBFS
[Parsed_ebur128_1 @ 0x1241198a0] t: 30.699979  TARGET:-23 LUFS    M: -65.0 S: -37.8     I: -28.4 LUFS       LRA:   5.1 LU  FTPK: -73.3 -68.0 dBFS  TPK: -18.8 -19.2 dBFS
[Parsed_ebur128_1 @ 0x1241198a0] t: 30.799979  TARGET:-23 LUFS    M: -68.9 S: -38.4     I: -28.4 LUFS       LRA:   5.1 LU  FTPK: -83.1 -75.7 dBFS  TPK: -18.8 -19.2 dBFS
[Parsed_ebur128_1 @ 0x1241198a0] t: 30.899979  TARGET:-23 LUFS    M: -73.7 S: -39.0     I: -28.4 LUFS       LRA:   5.2 LU  FTPK:  -inf  -inf dBFS  TPK: -18.8 -19.2 dBFS
[Parsed_ebur128_1 @ 0x1241198a0] t: 30.999979  TARGET:-23 LUFS    M: -79.9 S: -39.6     I: -28.4 LUFS       LRA:   5.2 LU  FTPK:  -inf  -inf dBFS  TPK: -18.8 -19.2 dBFS
[Parsed_silencedetect_0 @ 0x124119750] silence_end: 31.018667 | silence_duration: 1.102688
[Parsed_ebur128_1 @ 0x1241198a0] Summary:

  Integrated loudness:
    I:         -28.4 LUFS
    Threshold: -38.7 LUFS

  Loudness range:
    LRA:         5.2 LU
    Threshold: -48.9 LUFS
    LRA low:   -31.7 LUFS
    LRA high:  -26.5 LUFS

  True peak:
    Peak:      -18.8 dBFS
[out#0/null @ 0x123705360] video:0KiB audio:5816KiB subtitle:0KiB other streams:0KiB global headers:0KiB muxing overhead: unknown
size=N/A time=00:00:31.01 bitrate=N/A speed= 155x elapsed=0:00:00.20
