Input #0, matroska,webm, from '/Users/fangs/workspace/side/wbw/videos/promo-2026-10-01/raw/full/closing.webm':
  Metadata:
    ENCODER         : Lavf61.1.100
  Duration: 00:00:13.96, start: 0.000000, bitrate: 157 kb/s
  Stream #0:0(eng): Video: vp8, yuv420p(progressive), 1180x820, SAR 1:1 DAR 59:41, 25 fps, 25 tbr, 1k tbn (default)
    Metadata:
      ENCODER         : Lavc61.3.100 libvpx
      DURATION        : 00:00:13.960000000
Input #1, png_pipe, from '/Users/fangs/workspace/side/wbw/videos/promo-2026-10-01/graphics/shot-5.png':
  Duration: N/A, bitrate: N/A
  Stream #1:0: Video: png, rgba(pc, gbr/unknown/unknown), 1920x1080, 25 fps, 25 tbr, 25 tbn
Stream mapping:
  Stream #0:0 (vp8) -> scale:default
  Stream #1:0 (png) -> overlay
  format:default -> Stream #0:0 (libx264)
Press [q] to stop, [?] for help
[libx264 @ 0x134609a20] using SAR=1/1
[libx264 @ 0x134609a20] using cpu capabilities: ARMv8 NEON
[libx264 @ 0x134609a20] profile High, level 4.0, 4:2:0, 8-bit
[libx264 @ 0x134609a20] 264 - core 164 r3095 baee400 - H.264/MPEG-4 AVC codec - Copyleft 2003-2022 - http://www.videolan.org/x264.html - options: cabac=1 ref=2 deblock=1:0:0 analyse=0x3:0x113 me=hex subme=6 psy=1 psy_rd=1.00:0.00 mixed_ref=1 me_range=16 chroma_me=1 trellis=1 8x8dct=1 cqm=0 deadzone=21,11 fast_pskip=1 chroma_qp_offset=-2 threads=2 lookahead_threads=1 sliced_threads=0 nr=0 decimate=1 interlaced=0 bluray_compat=0 constrained_intra=0 bframes=3 b_pyramid=2 b_adapt=1 b_bias=0 direct=1 weightb=1 open_gop=0 weightp=1 keyint=250 keyint_min=25 scenecut=40 intra_refresh=0 rc_lookahead=30 rc=crf mbtree=1 crf=18.0 qcomp=0.60 qpmin=0 qpmax=69 qpstep=4 ip_ratio=1.40 aq=1:1.00
Output #0, mp4, to '/Users/fangs/workspace/side/wbw/videos/promo-2026-10-01/raw/full/edit-5.mp4':
  Metadata:
    encoder         : Lavf62.12.101
  Stream #0:0: Video: h264 (avc1 / 0x31637661), yuv420p(tv, bt470bg/unknown/unknown, progressive), 1920x1080 [SAR 1:1 DAR 16:9], q=2-31, 25 fps, 12800 tbn
    Metadata:
      encoder         : Lavc62.28.101 libx264
    Side data:
      CPB properties: bitrate max/min/avg: 0/0/0 buffer size: 0 vbv_delay: N/A
frame=    9 fps=0.0 q=23.0 size=       0KiB time=00:00:00.28 bitrate=   1.4kbits/s speed=0.558x elapsed=0:00:00.50
frame=   61 fps= 60 q=23.0 size=       0KiB time=00:00:02.36 bitrate=   0.2kbits/s speed=2.34x elapsed=0:00:01.01
[mp4 @ 0x134608a20] Starting second pass: moving the moov atom to the beginning of the file
[out#0/mp4 @ 0x1346086d0] video:84KiB audio:0KiB subtitle:0KiB other streams:0KiB global headers:0KiB muxing overhead: 2.401168%
frame=  100 fps= 81 q=-1.0 Lsize=      86KiB time=00:00:03.92 bitrate= 180.4kbits/s speed=3.18x elapsed=0:00:01.23
[libx264 @ 0x134609a20] frame I:1     Avg QP: 6.33  size: 41123
[libx264 @ 0x134609a20] frame P:25    Avg QP:13.31  size:  1269
[libx264 @ 0x134609a20] frame B:74    Avg QP: 9.16  size:   173
[libx264 @ 0x134609a20] consecutive B-frames:  1.0%  0.0%  3.0% 96.0%
[libx264 @ 0x134609a20] mb I  I16..4: 82.1% 11.1%  6.8%
[libx264 @ 0x134609a20] mb P  I16..4:  0.4%  1.5%  0.0%  P16..4:  2.5%  0.1%  0.1%  0.0%  0.0%    skip:95.4%
[libx264 @ 0x134609a20] mb B  I16..4:  0.0%  0.0%  0.0%  B16..8:  0.1%  0.0%  0.0%  direct: 1.1%  skip:98.8%  L0:44.4% L1:55.6% BI: 0.1%
[libx264 @ 0x134609a20] 8x8 transform intra:33.1% inter:41.6%
[libx264 @ 0x134609a20] coded y,uvDC,uvAC intra: 4.4% 3.4% 3.1% inter: 0.1% 1.0% 0.1%
[libx264 @ 0x134609a20] i16 v,h,dc,p: 94%  4%  2%  0%
[libx264 @ 0x134609a20] i8 v,h,dc,ddl,ddr,vr,hd,vl,hu: 81% 15%  3%  0%  0%  0%  0%  0%  0%
[libx264 @ 0x134609a20] i4 v,h,dc,ddl,ddr,vr,hd,vl,hu: 33% 20% 22%  4%  4%  5%  4%  5%  4%
[libx264 @ 0x134609a20] i8c dc,h,v,p: 93%  4%  3%  0%
[libx264 @ 0x134609a20] Weighted P-Frames: Y:0.0% UV:0.0%
[libx264 @ 0x134609a20] ref P L0: 34.0% 66.0%
[libx264 @ 0x134609a20] ref B L0: 97.3%  2.7%
[libx264 @ 0x134609a20] ref B L1: 97.4%  2.6%
[libx264 @ 0x134609a20] kb/s:171.29
