Input #0, matroska,webm, from '/Users/fangs/workspace/side/wbw/videos/promo-2026-10-01/raw/full/source.webm':
  Metadata:
    ENCODER         : Lavf61.1.100
  Duration: 00:00:34.80, start: 0.000000, bitrate: 436 kb/s
  Stream #0:0(eng): Video: vp8, yuv420p(progressive), 1180x820, SAR 1:1 DAR 59:41, 25 fps, 25 tbr, 1k tbn (default)
    Metadata:
      ENCODER         : Lavc61.3.100 libvpx
      DURATION        : 00:00:34.800000000
Input #1, png_pipe, from '/Users/fangs/workspace/side/wbw/videos/promo-2026-10-01/graphics/shot-3.png':
  Duration: N/A, bitrate: N/A
  Stream #1:0: Video: png, rgba(pc, gbr/unknown/unknown), 1920x1080, 25 fps, 25 tbr, 25 tbn
Stream mapping:
  Stream #0:0 (vp8) -> scale:default
  Stream #1:0 (png) -> overlay
  format:default -> Stream #0:0 (libx264)
Press [q] to stop, [?] for help
[libx264 @ 0x14470a2c0] using SAR=1/1
[libx264 @ 0x14470a2c0] using cpu capabilities: ARMv8 NEON
[libx264 @ 0x14470a2c0] profile High, level 4.0, 4:2:0, 8-bit
[libx264 @ 0x14470a2c0] 264 - core 164 r3095 baee400 - H.264/MPEG-4 AVC codec - Copyleft 2003-2022 - http://www.videolan.org/x264.html - options: cabac=1 ref=2 deblock=1:0:0 analyse=0x3:0x113 me=hex subme=6 psy=1 psy_rd=1.00:0.00 mixed_ref=1 me_range=16 chroma_me=1 trellis=1 8x8dct=1 cqm=0 deadzone=21,11 fast_pskip=1 chroma_qp_offset=-2 threads=2 lookahead_threads=1 sliced_threads=0 nr=0 decimate=1 interlaced=0 bluray_compat=0 constrained_intra=0 bframes=3 b_pyramid=2 b_adapt=1 b_bias=0 direct=1 weightb=1 open_gop=0 weightp=1 keyint=250 keyint_min=25 scenecut=40 intra_refresh=0 rc_lookahead=30 rc=crf mbtree=1 crf=18.0 qcomp=0.60 qpmin=0 qpmax=69 qpstep=4 ip_ratio=1.40 aq=1:1.00
Output #0, mp4, to '/Users/fangs/workspace/side/wbw/videos/promo-2026-10-01/raw/full/edit-3.mp4':
  Metadata:
    encoder         : Lavf62.12.101
  Stream #0:0: Video: h264 (avc1 / 0x31637661), yuv420p(tv, bt470bg/unknown/unknown, progressive), 1920x1080 [SAR 1:1 DAR 16:9], q=2-31, 25 fps, 12800 tbn
    Metadata:
      encoder         : Lavc62.28.101 libx264
    Side data:
      CPB properties: bitrate max/min/avg: 0/0/0 buffer size: 0 vbv_delay: N/A
frame=    6 fps=0.0 q=23.0 size=       0KiB time=00:00:00.16 bitrate=   2.4kbits/s speed=0.315x elapsed=0:00:00.50
frame=   54 fps= 53 q=23.0 size=       0KiB time=00:00:02.08 bitrate=   0.2kbits/s speed=2.04x elapsed=0:00:01.01
frame=  102 fps= 67 q=23.0 size=     256KiB time=00:00:04.00 bitrate= 524.4kbits/s speed=2.63x elapsed=0:00:01.52
[mp4 @ 0x144709080] Starting second pass: moving the moov atom to the beginning of the file
[out#0/mp4 @ 0x144708fa0] video:306KiB audio:0KiB subtitle:0KiB other streams:0KiB global headers:0KiB muxing overhead: 0.851778%
frame=  150 fps= 79 q=-1.0 Lsize=     309KiB time=00:00:05.92 bitrate= 427.7kbits/s speed=3.11x elapsed=0:00:01.90
[libx264 @ 0x14470a2c0] frame I:1     Avg QP: 9.46  size:176313
[libx264 @ 0x14470a2c0] frame P:38    Avg QP:12.89  size:  1715
[libx264 @ 0x14470a2c0] frame B:111   Avg QP: 9.76  size:   646
[libx264 @ 0x14470a2c0] consecutive B-frames:  0.7%  1.3%  2.0% 96.0%
[libx264 @ 0x14470a2c0] mb I  I16..4: 56.8% 19.2% 24.0%
[libx264 @ 0x14470a2c0] mb P  I16..4:  1.4%  0.1%  0.0%  P16..4:  2.4%  0.1%  0.1%  0.0%  0.0%    skip:95.9%
[libx264 @ 0x14470a2c0] mb B  I16..4:  0.2%  0.0%  0.0%  B16..8:  0.3%  0.1%  0.0%  direct: 0.9%  skip:98.5%  L0:24.1% L1:73.4% BI: 2.6%
[libx264 @ 0x14470a2c0] 8x8 transform intra:16.0% inter:41.5%
[libx264 @ 0x14470a2c0] coded y,uvDC,uvAC intra: 15.3% 4.8% 3.1% inter: 0.3% 1.2% 0.1%
[libx264 @ 0x14470a2c0] i16 v,h,dc,p: 83% 15%  2%  0%
[libx264 @ 0x14470a2c0] i8 v,h,dc,ddl,ddr,vr,hd,vl,hu: 28% 15% 54%  0%  0%  0%  0%  0%  1%
[libx264 @ 0x14470a2c0] i4 v,h,dc,ddl,ddr,vr,hd,vl,hu: 24% 24% 22%  4%  5%  4%  4%  5%  6%
[libx264 @ 0x14470a2c0] i8c dc,h,v,p: 83% 10%  6%  0%
[libx264 @ 0x14470a2c0] Weighted P-Frames: Y:0.0% UV:0.0%
[libx264 @ 0x14470a2c0] ref P L0: 90.6%  9.4%
[libx264 @ 0x14470a2c0] ref B L0: 94.8%  5.2%
[libx264 @ 0x14470a2c0] ref B L1: 93.6%  6.4%
[libx264 @ 0x14470a2c0] kb/s:417.50
