Input #0, matroska,webm, from '/Users/fangs/workspace/side/wbw/videos/promo-2026-10-01/raw/full/hook.webm':
  Metadata:
    ENCODER         : Lavf61.1.100
  Duration: 00:00:16.80, start: 0.000000, bitrate: 721 kb/s
  Stream #0:0(eng): Video: vp8, yuv420p(progressive), 1180x820, SAR 1:1 DAR 59:41, 25 fps, 25 tbr, 1k tbn (default)
    Metadata:
      ENCODER         : Lavc61.3.100 libvpx
      DURATION        : 00:00:16.800000000
Input #1, png_pipe, from '/Users/fangs/workspace/side/wbw/videos/promo-2026-10-01/graphics/shot-1.png':
  Duration: N/A, bitrate: N/A
  Stream #1:0: Video: png, rgba(pc, gbr/unknown/unknown), 1920x1080, 25 fps, 25 tbr, 25 tbn
Stream mapping:
  Stream #0:0 (vp8) -> scale:default
  Stream #1:0 (png) -> overlay
  format:default -> Stream #0:0 (libx264)
Press [q] to stop, [?] for help
[libx264 @ 0x1341050f0] using SAR=1/1
[libx264 @ 0x1341050f0] using cpu capabilities: ARMv8 NEON
[libx264 @ 0x1341050f0] profile High, level 4.0, 4:2:0, 8-bit
[libx264 @ 0x1341050f0] 264 - core 164 r3095 baee400 - H.264/MPEG-4 AVC codec - Copyleft 2003-2022 - http://www.videolan.org/x264.html - options: cabac=1 ref=2 deblock=1:0:0 analyse=0x3:0x113 me=hex subme=6 psy=1 psy_rd=1.00:0.00 mixed_ref=1 me_range=16 chroma_me=1 trellis=1 8x8dct=1 cqm=0 deadzone=21,11 fast_pskip=1 chroma_qp_offset=-2 threads=2 lookahead_threads=1 sliced_threads=0 nr=0 decimate=1 interlaced=0 bluray_compat=0 constrained_intra=0 bframes=3 b_pyramid=2 b_adapt=1 b_bias=0 direct=1 weightb=1 open_gop=0 weightp=1 keyint=250 keyint_min=25 scenecut=40 intra_refresh=0 rc_lookahead=30 rc=crf mbtree=1 crf=18.0 qcomp=0.60 qpmin=0 qpmax=69 qpstep=4 ip_ratio=1.40 aq=1:1.00
Output #0, mp4, to '/Users/fangs/workspace/side/wbw/videos/promo-2026-10-01/raw/full/edit-1.mp4':
  Metadata:
    encoder         : Lavf62.12.101
  Stream #0:0: Video: h264 (avc1 / 0x31637661), yuv420p(tv, bt470bg/unknown/unknown, progressive), 1920x1080 [SAR 1:1 DAR 16:9], q=2-31, 25 fps, 12800 tbn
    Metadata:
      encoder         : Lavc62.28.101 libx264
    Side data:
      CPB properties: bitrate max/min/avg: 0/0/0 buffer size: 0 vbv_delay: N/A
frame=    0 fps=0.0 q=0.0 size=       0KiB time=N/A bitrate=N/A speed=N/A elapsed=0:00:00.50
frame=   17 fps= 17 q=23.0 size=     256KiB time=00:00:00.60 bitrate=3495.9kbits/s speed=0.596x elapsed=0:00:01.00
frame=   52 fps= 34 q=23.0 size=     512KiB time=00:00:02.00 bitrate=2097.3kbits/s speed=1.32x elapsed=0:00:01.51
frame=   91 fps= 45 q=23.0 size=     768KiB time=00:00:03.56 bitrate=1767.4kbits/s speed=1.76x elapsed=0:00:02.02
frame=  140 fps= 55 q=23.0 size=     768KiB time=00:00:05.52 bitrate=1139.8kbits/s speed=2.18x elapsed=0:00:02.52
[mp4 @ 0x134405880] Starting second pass: moving the moov atom to the beginning of the file
[out#0/mp4 @ 0x134405650] video:1128KiB audio:0KiB subtitle:0KiB other streams:0KiB global headers:0KiB muxing overhead: 0.256721%
frame=  175 fps= 59 q=-1.0 Lsize=    1131KiB time=00:00:06.92 bitrate=1338.6kbits/s speed=2.32x elapsed=0:00:02.98
[libx264 @ 0x1341050f0] frame I:1     Avg QP:10.24  size:143630
[libx264 @ 0x1341050f0] frame P:48    Avg QP:13.13  size: 18544
[libx264 @ 0x1341050f0] frame B:126   Avg QP:14.45  size:   957
[libx264 @ 0x1341050f0] consecutive B-frames:  0.6%  8.0%  6.9% 84.6%
[libx264 @ 0x1341050f0] mb I  I16..4: 57.4% 19.7% 22.9%
[libx264 @ 0x1341050f0] mb P  I16..4:  2.2%  2.1%  0.5%  P16..4:  9.2%  1.4%  1.2%  0.0%  0.0%    skip:83.3%
[libx264 @ 0x1341050f0] mb B  I16..4:  0.3%  0.1%  0.0%  B16..8:  1.6%  0.2%  0.0%  direct: 1.5%  skip:96.3%  L0:40.1% L1:57.3% BI: 2.6%
[libx264 @ 0x1341050f0] 8x8 transform intra:34.5% inter:36.7%
[libx264 @ 0x1341050f0] coded y,uvDC,uvAC intra: 18.2% 18.0% 15.6% inter: 1.7% 2.7% 1.0%
[libx264 @ 0x1341050f0] i16 v,h,dc,p: 70% 26%  4%  0%
[libx264 @ 0x1341050f0] i8 v,h,dc,ddl,ddr,vr,hd,vl,hu: 31% 22% 44%  0%  1%  0%  1%  1%  1%
[libx264 @ 0x1341050f0] i4 v,h,dc,ddl,ddr,vr,hd,vl,hu: 22% 31% 25%  3%  4%  3%  4%  3%  5%
[libx264 @ 0x1341050f0] i8c dc,h,v,p: 73% 16% 11%  1%
[libx264 @ 0x1341050f0] Weighted P-Frames: Y:0.0% UV:0.0%
[libx264 @ 0x1341050f0] ref P L0: 76.5% 23.5%
[libx264 @ 0x1341050f0] ref B L0: 87.6% 12.4%
[libx264 @ 0x1341050f0] ref B L1: 97.8%  2.2%
[libx264 @ 0x1341050f0] kb/s:1319.16
