Input #0, matroska,webm, from '/Users/fangs/workspace/side/wbw/videos/promo-2026-10-01/raw/full/catalog.webm':
  Metadata:
    ENCODER         : Lavf61.1.100
  Duration: 00:00:13.00, start: 0.000000, bitrate: 408 kb/s
  Stream #0:0(eng): Video: vp8, yuv420p(progressive), 1180x820, SAR 1:1 DAR 59:41, 25 fps, 25 tbr, 1k tbn (default)
    Metadata:
      ENCODER         : Lavc61.3.100 libvpx
      DURATION        : 00:00:13.000000000
Input #1, png_pipe, from '/Users/fangs/workspace/side/wbw/videos/promo-2026-10-01/graphics/shot-2.png':
  Duration: N/A, bitrate: N/A
  Stream #1:0: Video: png, rgba(pc, gbr/unknown/unknown), 1920x1080, 25 fps, 25 tbr, 25 tbn
Stream mapping:
  Stream #0:0 (vp8) -> scale:default
  Stream #1:0 (png) -> overlay
  format:default -> Stream #0:0 (libx264)
Press [q] to stop, [?] for help
[libx264 @ 0x14500d7f0] using SAR=1/1
[libx264 @ 0x14500d7f0] using cpu capabilities: ARMv8 NEON
[libx264 @ 0x14500d7f0] profile High, level 4.0, 4:2:0, 8-bit
[libx264 @ 0x14500d7f0] 264 - core 164 r3095 baee400 - H.264/MPEG-4 AVC codec - Copyleft 2003-2022 - http://www.videolan.org/x264.html - options: cabac=1 ref=2 deblock=1:0:0 analyse=0x3:0x113 me=hex subme=6 psy=1 psy_rd=1.00:0.00 mixed_ref=1 me_range=16 chroma_me=1 trellis=1 8x8dct=1 cqm=0 deadzone=21,11 fast_pskip=1 chroma_qp_offset=-2 threads=2 lookahead_threads=1 sliced_threads=0 nr=0 decimate=1 interlaced=0 bluray_compat=0 constrained_intra=0 bframes=3 b_pyramid=2 b_adapt=1 b_bias=0 direct=1 weightb=1 open_gop=0 weightp=1 keyint=250 keyint_min=25 scenecut=40 intra_refresh=0 rc_lookahead=30 rc=crf mbtree=1 crf=18.0 qcomp=0.60 qpmin=0 qpmax=69 qpstep=4 ip_ratio=1.40 aq=1:1.00
Output #0, mp4, to '/Users/fangs/workspace/side/wbw/videos/promo-2026-10-01/raw/full/edit-2.mp4':
  Metadata:
    encoder         : Lavf62.12.101
  Stream #0:0: Video: h264 (avc1 / 0x31637661), yuv420p(tv, bt470bg/unknown/unknown, progressive), 1920x1080 [SAR 1:1 DAR 16:9], q=2-31, 25 fps, 12800 tbn
    Metadata:
      encoder         : Lavc62.28.101 libx264
    Side data:
      CPB properties: bitrate max/min/avg: 0/0/0 buffer size: 0 vbv_delay: N/A
frame=    8 fps=0.0 q=23.0 size=       0KiB time=00:00:00.24 bitrate=   1.6kbits/s speed=0.474x elapsed=0:00:00.50
frame=   61 fps= 60 q=23.0 size=     256KiB time=00:00:02.36 bitrate= 888.8kbits/s speed=2.33x elapsed=0:00:01.01
frame=  115 fps= 75 q=23.0 size=     256KiB time=00:00:04.52 bitrate= 464.1kbits/s speed=2.97x elapsed=0:00:01.52
[mp4 @ 0x14500c5b0] Starting second pass: moving the moov atom to the beginning of the file
[out#0/mp4 @ 0x14500c4e0] video:425KiB audio:0KiB subtitle:0KiB other streams:0KiB global headers:0KiB muxing overhead: 0.616702%
frame=  150 fps= 88 q=-1.0 Lsize=     427KiB time=00:00:05.92 bitrate= 591.1kbits/s speed=3.49x elapsed=0:00:01.69
[libx264 @ 0x14500d7f0] frame I:1     Avg QP: 6.05  size: 38551
[libx264 @ 0x14500d7f0] frame P:38    Avg QP:13.09  size:  8114
[libx264 @ 0x14500d7f0] frame B:111   Avg QP:12.05  size:   785
[libx264 @ 0x14500d7f0] consecutive B-frames:  1.3%  0.0%  0.0% 98.7%
[libx264 @ 0x14500d7f0] mb I  I16..4: 72.5% 20.9%  6.7%
[libx264 @ 0x14500d7f0] mb P  I16..4:  1.1%  0.3%  0.6%  P16..4:  2.8%  0.1%  0.2%  0.0%  0.0%    skip:94.9%
[libx264 @ 0x14500d7f0] mb B  I16..4:  0.2%  0.0%  0.0%  B16..8:  0.3%  0.1%  0.0%  direct: 0.5%  skip:98.9%  L0:34.5% L1:61.3% BI: 4.2%
[libx264 @ 0x14500d7f0] 8x8 transform intra:18.3% inter:41.3%
[libx264 @ 0x14500d7f0] coded y,uvDC,uvAC intra: 15.7% 14.8% 13.8% inter: 0.4% 0.9% 0.4%
[libx264 @ 0x14500d7f0] i16 v,h,dc,p: 84% 14%  2%  0%
[libx264 @ 0x14500d7f0] i8 v,h,dc,ddl,ddr,vr,hd,vl,hu: 51% 15% 31%  0%  0%  0%  0%  0%  1%
[libx264 @ 0x14500d7f0] i4 v,h,dc,ddl,ddr,vr,hd,vl,hu: 24% 32% 17%  4%  5%  5%  4%  4%  5%
[libx264 @ 0x14500d7f0] i8c dc,h,v,p: 77% 15%  7%  1%
[libx264 @ 0x14500d7f0] Weighted P-Frames: Y:0.0% UV:0.0%
[libx264 @ 0x14500d7f0] ref P L0: 93.6%  6.4%
[libx264 @ 0x14500d7f0] ref B L0: 85.0% 15.0%
[libx264 @ 0x14500d7f0] ref B L1: 95.5%  4.5%
[libx264 @ 0x14500d7f0] kb/s:578.72
