Input #0, matroska,webm, from '/Users/fangs/workspace/side/wbw/videos/promo-2026-10-01/raw/sample/hook.webm':
  Metadata:
    ENCODER         : Lavf61.1.100
  Duration: 00:00:16.80, start: 0.000000, bitrate: 672 kb/s
  Stream #0:0(eng): Video: vp8, yuv420p(progressive), 1180x820, SAR 1:1 DAR 59:41, 25 fps, 25 tbr, 1k tbn (default)
    Metadata:
      ENCODER         : Lavc61.3.100 libvpx
      DURATION        : 00:00:16.800000000
Input #1, png_pipe, from '/Users/fangs/workspace/side/wbw/videos/promo-2026-10-01/graphics/shot-1.png':
  Duration: N/A, bitrate: N/A
  Stream #1:0: Video: png, rgba(pc, gbr/unknown/unknown), 1920x1080, 25 fps, 25 tbr, 25 tbn
Stream mapping:
  Stream #0:0 (vp8) -> scale:default
  Stream #1:0 (png) -> overlay
  format:default -> Stream #0:0 (libx264)
Press [q] to stop, [?] for help
[libx264 @ 0x14bd07a60] using SAR=1/1
[libx264 @ 0x14bd07a60] using cpu capabilities: ARMv8 NEON
[libx264 @ 0x14bd07a60] profile High, level 4.0, 4:2:0, 8-bit
[libx264 @ 0x14bd07a60] 264 - core 164 r3095 baee400 - H.264/MPEG-4 AVC codec - Copyleft 2003-2022 - http://www.videolan.org/x264.html - options: cabac=1 ref=2 deblock=1:0:0 analyse=0x3:0x113 me=hex subme=6 psy=1 psy_rd=1.00:0.00 mixed_ref=1 me_range=16 chroma_me=1 trellis=1 8x8dct=1 cqm=0 deadzone=21,11 fast_pskip=1 chroma_qp_offset=-2 threads=2 lookahead_threads=1 sliced_threads=0 nr=0 decimate=1 interlaced=0 bluray_compat=0 constrained_intra=0 bframes=3 b_pyramid=2 b_adapt=1 b_bias=0 direct=1 weightb=1 open_gop=0 weightp=1 keyint=250 keyint_min=25 scenecut=40 intra_refresh=0 rc_lookahead=30 rc=crf mbtree=1 crf=18.0 qcomp=0.60 qpmin=0 qpmax=69 qpstep=4 ip_ratio=1.40 aq=1:1.00
Output #0, mp4, to '/Users/fangs/workspace/side/wbw/videos/promo-2026-10-01/raw/sample/edit-1.mp4':
  Metadata:
    encoder         : Lavf62.12.101
  Stream #0:0: Video: h264 (avc1 / 0x31637661), yuv420p(tv, bt470bg/unknown/unknown, progressive), 1920x1080 [SAR 1:1 DAR 16:9], q=2-31, 25 fps, 12800 tbn
    Metadata:
      encoder         : Lavc62.28.101 libx264
    Side data:
      CPB properties: bitrate max/min/avg: 0/0/0 buffer size: 0 vbv_delay: N/A
frame=    0 fps=0.0 q=0.0 size=       0KiB time=N/A bitrate=N/A speed=N/A elapsed=0:00:00.50
frame=   21 fps= 21 q=23.0 size=     256KiB time=00:00:00.76 bitrate=2759.9kbits/s speed=0.753x elapsed=0:00:01.00
frame=   67 fps= 44 q=23.0 size=     768KiB time=00:00:02.60 bitrate=2419.9kbits/s speed=1.72x elapsed=0:00:01.51
frame=  123 fps= 61 q=23.0 size=    1024KiB time=00:00:04.84 bitrate=1733.3kbits/s speed= 2.4x elapsed=0:00:02.01
[mp4 @ 0x14bd05ac0] Starting second pass: moving the moov atom to the beginning of the file
[out#0/mp4 @ 0x14bd05a00] video:1218KiB audio:0KiB subtitle:0KiB other streams:0KiB global headers:0KiB muxing overhead: 0.239012%
frame=  175 fps= 72 q=-1.0 Lsize=    1221KiB time=00:00:06.92 bitrate=1445.3kbits/s speed=2.85x elapsed=0:00:02.43
[libx264 @ 0x14bd07a60] frame I:1     Avg QP:11.60  size:147015
[libx264 @ 0x14bd07a60] frame P:49    Avg QP:13.37  size: 18495
[libx264 @ 0x14bd07a60] frame B:125   Avg QP:13.57  size:  1546
[libx264 @ 0x14bd07a60] consecutive B-frames:  2.9%  4.6%  3.4% 89.1%
[libx264 @ 0x14bd07a60] mb I  I16..4: 46.2% 30.3% 23.4%
[libx264 @ 0x14bd07a60] mb P  I16..4:  2.6%  1.4%  0.4%  P16..4:  9.8%  1.4%  1.3%  0.0%  0.0%    skip:83.0%
[libx264 @ 0x14bd07a60] mb B  I16..4:  0.5%  0.1%  0.0%  B16..8:  1.6%  0.3%  0.0%  direct: 1.6%  skip:95.8%  L0:36.1% L1:60.4% BI: 3.4%
[libx264 @ 0x14bd07a60] 8x8 transform intra:29.1% inter:35.1%
[libx264 @ 0x14bd07a60] coded y,uvDC,uvAC intra: 18.8% 20.3% 17.2% inter: 2.0% 2.8% 1.1%
[libx264 @ 0x14bd07a60] i16 v,h,dc,p: 71% 25%  4%  1%
[libx264 @ 0x14bd07a60] i8 v,h,dc,ddl,ddr,vr,hd,vl,hu: 33% 21% 42%  1%  1%  1%  1%  1%  1%
[libx264 @ 0x14bd07a60] i4 v,h,dc,ddl,ddr,vr,hd,vl,hu: 22% 32% 23%  3%  4%  3%  4%  3%  5%
[libx264 @ 0x14bd07a60] i8c dc,h,v,p: 70% 16% 13%  1%
[libx264 @ 0x14bd07a60] Weighted P-Frames: Y:0.0% UV:0.0%
[libx264 @ 0x14bd07a60] ref P L0: 83.9% 16.1%
[libx264 @ 0x14bd07a60] ref B L0: 85.6% 14.4%
[libx264 @ 0x14bd07a60] ref B L1: 94.9%  5.1%
[libx264 @ 0x14bd07a60] kb/s:1424.60
