Input #0, mov,mp4,m4a,3gp,3g2,mj2, from '/Users/fangs/workspace/side/wbw/videos/promo-2026-10-01/final.mp4':
  Metadata:
    major_brand     : isom
    minor_version   : 512
    compatible_brands: isomiso2avc1mp41
    encoder         : Lavf62.12.101
  Duration: 00:00:31.00, start: 0.000000, bitrate: 985 kb/s
  Stream #0:0[0x1](und): Video: h264 (High) (avc1 / 0x31637661), yuv420p(tv, bt470bg/unknown/unknown, progressive), 1920x1080 [SAR 1:1 DAR 16:9], 819 kb/s, 25 fps, 25 tbr, 12800 tbn (default)
    Metadata:
      handler_name    : VideoHandler
      encoder         : Lavc62.28.101 libx264
  Stream #0:1[0x2](und): Audio: aac (LC) (mp4a / 0x6134706D), 48000 Hz, stereo, fltp, 158 kb/s (default)
    Metadata:
      handler_name    : SoundHandler
Stream mapping:
  Stream #0:0 -> #0:0 (h264 (native) -> wrapped_avframe (native))
Press [q] to stop, [?] for help
Output #0, null, to 'pipe:':
  Metadata:
    major_brand     : isom
    minor_version   : 512
    compatible_brands: isomiso2avc1mp41
    encoder         : Lavf62.12.101
  Stream #0:0(und): Video: wrapped_avframe, yuv420p(tv, bt470bg/unknown/unknown, progressive), 1920x1080 [SAR 1:1 DAR 16:9], q=2-31, 200 kb/s, 25 fps, 25 tbn (default)
    Metadata:
      encoder         : Lavc62.28.101 wrapped_avframe
      handler_name    : VideoHandler
[Parsed_freezedetect_1 @ 0x1263176c0] lavfi.freezedetect.freeze_start: 1.36
[Parsed_freezedetect_1 @ 0x1263176c0] lavfi.freezedetect.freeze_duration: 1.84
[Parsed_freezedetect_1 @ 0x1263176c0] lavfi.freezedetect.freeze_end: 3.2
[Parsed_freezedetect_1 @ 0x1263176c0] lavfi.freezedetect.freeze_start: 3.2
[Parsed_freezedetect_1 @ 0x1263176c0] lavfi.freezedetect.freeze_duration: 2.56
[Parsed_freezedetect_1 @ 0x1263176c0] lavfi.freezedetect.freeze_end: 5.76
[Parsed_freezedetect_1 @ 0x1263176c0] lavfi.freezedetect.freeze_start: 5.8
[Parsed_freezedetect_1 @ 0x1263176c0] lavfi.freezedetect.freeze_duration: 1.2
[Parsed_freezedetect_1 @ 0x1263176c0] lavfi.freezedetect.freeze_end: 7
[Parsed_freezedetect_1 @ 0x1263176c0] lavfi.freezedetect.freeze_start: 7.36
[Parsed_freezedetect_1 @ 0x1263176c0] lavfi.freezedetect.freeze_duration: 3.08
[Parsed_freezedetect_1 @ 0x1263176c0] lavfi.freezedetect.freeze_end: 10.44
[Parsed_freezedetect_1 @ 0x1263176c0] lavfi.freezedetect.freeze_start: 10.48
[Parsed_freezedetect_1 @ 0x1263176c0] lavfi.freezedetect.freeze_duration: 2.52
[Parsed_freezedetect_1 @ 0x1263176c0] lavfi.freezedetect.freeze_end: 13
[Parsed_freezedetect_1 @ 0x1263176c0] lavfi.freezedetect.freeze_start: 13
[Parsed_freezedetect_1 @ 0x1263176c0] lavfi.freezedetect.freeze_duration: 2.12
[Parsed_freezedetect_1 @ 0x1263176c0] lavfi.freezedetect.freeze_end: 15.12
[Parsed_freezedetect_1 @ 0x1263176c0] lavfi.freezedetect.freeze_start: 15.16
[Parsed_freezedetect_1 @ 0x1263176c0] lavfi.freezedetect.freeze_duration: 3.84
[Parsed_freezedetect_1 @ 0x1263176c0] lavfi.freezedetect.freeze_end: 19
frame=  498 fps=0.0 q=-0.0 size=N/A time=00:00:19.92 bitrate=N/A speed=39.6x elapsed=0:00:00.50
[Parsed_freezedetect_1 @ 0x1263176c0] lavfi.freezedetect.freeze_start: 22.04
[Parsed_freezedetect_1 @ 0x1263176c0] lavfi.freezedetect.freeze_duration: 3.08
[Parsed_freezedetect_1 @ 0x1263176c0] lavfi.freezedetect.freeze_end: 25.12
[Parsed_freezedetect_1 @ 0x1263176c0] lavfi.freezedetect.freeze_start: 25.16
[Parsed_freezedetect_1 @ 0x1263176c0] lavfi.freezedetect.freeze_duration: 1.84
[Parsed_freezedetect_1 @ 0x1263176c0] lavfi.freezedetect.freeze_end: 27
[Parsed_freezedetect_1 @ 0x1263176c0] lavfi.freezedetect.freeze_start: 27
[out#0/null @ 0x126105c70] video:321KiB audio:0KiB subtitle:0KiB other streams:0KiB global headers:0KiB muxing overhead: unknown
frame=  775 fps=0.0 q=-0.0 Lsize=N/A time=00:00:31.00 bitrate=N/A speed=42.1x elapsed=0:00:00.73
